Archive member included to satisfy reference by file (symbol)

C:\Temp\xcerny76\NXP\cv8\lpcxpresso55s69_hello_world\libs\libpower_hardabi.a(fsl_power_lib.o)
                              ./drivers/fsl_clock.o (POWER_SetVoltageForFreq)
c:/appz/nxp/mcuxpressoide_11.6.0_8187/ide/plugins/com.nxp.mcuxpresso.tools.win32_11.6.0.202112161359/tools/bin/../lib/gcc/arm-none-eabi/10.3.1/../../../../arm-none-eabi/lib/thumb/v8-m.main+fp/hard\libcr_nohost_nf.a(_cr__main.o)
                              ./startup/startup_lpc55s69_cm33_core0.o (__main)
c:/appz/nxp/mcuxpressoide_11.6.0_8187/ide/plugins/com.nxp.mcuxpresso.tools.win32_11.6.0.202112161359/tools/bin/../lib/gcc/arm-none-eabi/10.3.1/../../../../arm-none-eabi/lib/thumb/v8-m.main+fp/hard\libcr_nohost_nf.a(_cr_assert.o)
                              ./utilities/fsl_debug_console.o (__assertion_failed)
c:/appz/nxp/mcuxpressoide_11.6.0_8187/ide/plugins/com.nxp.mcuxpresso.tools.win32_11.6.0.202112161359/tools/bin/../lib/gcc/arm-none-eabi/10.3.1/../../../../arm-none-eabi/lib/thumb/v8-m.main+fp/hard\libcr_nohost_nf.a(__ciob.o)
                              c:/appz/nxp/mcuxpressoide_11.6.0_8187/ide/plugins/com.nxp.mcuxpresso.tools.win32_11.6.0.202112161359/tools/bin/../lib/gcc/arm-none-eabi/10.3.1/../../../../arm-none-eabi/lib/thumb/v8-m.main+fp/hard\libcr_nohost_nf.a(_cr_assert.o) (__Ciob)
c:/appz/nxp/mcuxpressoide_11.6.0_8187/ide/plugins/com.nxp.mcuxpresso.tools.win32_11.6.0.202112161359/tools/bin/../lib/gcc/arm-none-eabi/10.3.1/../../../../arm-none-eabi/lib/thumb/v8-m.main+fp/hard\libcr_nohost_nf.a(__sys_appexit.o)
                              c:/appz/nxp/mcuxpressoide_11.6.0_8187/ide/plugins/com.nxp.mcuxpresso.tools.win32_11.6.0.202112161359/tools/bin/../lib/gcc/arm-none-eabi/10.3.1/../../../../arm-none-eabi/lib/thumb/v8-m.main+fp/hard\libcr_nohost_nf.a(_cr_assert.o) (__sys_appexit)
c:/appz/nxp/mcuxpressoide_11.6.0_8187/ide/plugins/com.nxp.mcuxpresso.tools.win32_11.6.0.202112161359/tools/bin/../lib/gcc/arm-none-eabi/10.3.1/../../../../arm-none-eabi/lib/thumb/v8-m.main+fp/hard\libcr_c.a(memcpy.o)
                              ./drivers/fsl_powerquad_filter.o (memcpy)
c:/appz/nxp/mcuxpressoide_11.6.0_8187/ide/plugins/com.nxp.mcuxpresso.tools.win32_11.6.0.202112161359/tools/bin/../lib/gcc/arm-none-eabi/10.3.1/../../../../arm-none-eabi/lib/thumb/v8-m.main+fp/hard\libcr_c.a(memset.o)
                              ./utilities/fsl_debug_console.o (memset)
c:/appz/nxp/mcuxpressoide_11.6.0_8187/ide/plugins/com.nxp.mcuxpresso.tools.win32_11.6.0.202112161359/tools/bin/../lib/gcc/arm-none-eabi/10.3.1/../../../../arm-none-eabi/lib/thumb/v8-m.main+fp/hard\libcr_c.a(_deferredlazyseek.o)
                              c:/appz/nxp/mcuxpressoide_11.6.0_8187/ide/plugins/com.nxp.mcuxpresso.tools.win32_11.6.0.202112161359/tools/bin/../lib/gcc/arm-none-eabi/10.3.1/../../../../arm-none-eabi/lib/thumb/v8-m.main+fp/hard\libcr_nohost_nf.a(_cr_assert.o) (__flsbuf)
c:/appz/nxp/mcuxpressoide_11.6.0_8187/ide/plugins/com.nxp.mcuxpresso.tools.win32_11.6.0.202112161359/tools/bin/../lib/gcc/arm-none-eabi/10.3.1/../../../../arm-none-eabi/lib/thumb/v8-m.main+fp/hard\libcr_c.a(_fflush.o)
                              c:/appz/nxp/mcuxpressoide_11.6.0_8187/ide/plugins/com.nxp.mcuxpresso.tools.win32_11.6.0.202112161359/tools/bin/../lib/gcc/arm-none-eabi/10.3.1/../../../../arm-none-eabi/lib/thumb/v8-m.main+fp/hard\libcr_c.a(_deferredlazyseek.o) (_fflush)
c:/appz/nxp/mcuxpressoide_11.6.0_8187/ide/plugins/com.nxp.mcuxpresso.tools.win32_11.6.0.202112161359/tools/bin/../lib/gcc/arm-none-eabi/10.3.1/../../../../arm-none-eabi/lib/thumb/v8-m.main+fp/hard\libcr_c.a(_writebuf.o)
                              c:/appz/nxp/mcuxpressoide_11.6.0_8187/ide/plugins/com.nxp.mcuxpresso.tools.win32_11.6.0.202112161359/tools/bin/../lib/gcc/arm-none-eabi/10.3.1/../../../../arm-none-eabi/lib/thumb/v8-m.main+fp/hard\libcr_c.a(_deferredlazyseek.o) (_Cwritebuf)
c:/appz/nxp/mcuxpressoide_11.6.0_8187/ide/plugins/com.nxp.mcuxpresso.tools.win32_11.6.0.202112161359/tools/bin/../lib/gcc/arm-none-eabi/10.3.1/../../../../arm-none-eabi/lib/thumb/v8-m.main+fp/hard\libcr_c.a(alloc.o)
                              ./drivers/fsl_common.o (malloc)
c:/appz/nxp/mcuxpressoide_11.6.0_8187/ide/plugins/com.nxp.mcuxpresso.tools.win32_11.6.0.202112161359/tools/bin/../lib/gcc/arm-none-eabi/10.3.1/../../../../arm-none-eabi/lib/thumb/v8-m.main+fp/hard\libcr_c.a(fputs.o)
                              c:/appz/nxp/mcuxpressoide_11.6.0_8187/ide/plugins/com.nxp.mcuxpresso.tools.win32_11.6.0.202112161359/tools/bin/../lib/gcc/arm-none-eabi/10.3.1/../../../../arm-none-eabi/lib/thumb/v8-m.main+fp/hard\libcr_nohost_nf.a(_cr_assert.o) (fputs)
c:/appz/nxp/mcuxpressoide_11.6.0_8187/ide/plugins/com.nxp.mcuxpresso.tools.win32_11.6.0.202112161359/tools/bin/../lib/gcc/arm-none-eabi/10.3.1/../../../../arm-none-eabi/lib/thumb/v8-m.main+fp/hard\libcr_c.a(fseek.o)
[...]
Memory Configuration

Name             Origin             Length             Attributes
PROGRAM_FLASH    0x00000000         0x00098000         xr
SRAM             0x20000000         0x00044000         xrw
SRAMX            0x04000000         0x00008000         xrw
USB_RAM          0x40100000         0x00004000         xrw
*default*        0x00000000         0xffffffff

Linker script and memory map

LOAD ./utilities/fsl_assert.o
LOAD ./utilities/fsl_debug_console.o
LOAD ./utilities/fsl_str.o
LOAD ./startup/boot_multicore_slave.o
LOAD ./startup/startup_lpc55s69_cm33_core0.o
LOAD ./source/hello_world.o
LOAD ./source/semihost_hardfault.o
LOAD ./drivers/fsl_clock.o
LOAD ./drivers/fsl_common.o
LOAD ./drivers/fsl_ctimer.o
LOAD ./drivers/fsl_flexcomm.o
LOAD ./drivers/fsl_gpio.o
LOAD ./drivers/fsl_i2c.o
LOAD ./drivers/fsl_power.o
LOAD ./drivers/fsl_powerquad_basic.o
LOAD ./drivers/fsl_powerquad_cmsis.o
LOAD ./drivers/fsl_powerquad_data.o
LOAD ./drivers/fsl_powerquad_filter.o
LOAD ./drivers/fsl_powerquad_math.o
LOAD ./drivers/fsl_powerquad_matrix.o
LOAD ./drivers/fsl_powerquad_transform.o
LOAD ./drivers/fsl_reset.o
LOAD ./drivers/fsl_spi.o
LOAD ./drivers/fsl_usart.o
LOAD ./device/system_LPC55S69_cm33_core0.o
LOAD ./component/uart/usart_adapter.o
LOAD ./component/serial_manager/serial_manager.o
LOAD ./component/serial_manager/serial_port_uart.o
LOAD ./component/lists/generic_list.o
LOAD ./board/board.o
LOAD ./board/clock_config.o
LOAD ./board/peripherals.o
LOAD ./board/pin_mux.o
LOAD C:\Temp\xcerny76\NXP\cv8\lpcxpresso55s69_hello_world\libs\libpower_hardabi.a
START GROUP
LOAD c:/appz/nxp/mcuxpressoide_11.6.0_8187/ide/plugins/com.nxp.mcuxpresso.tools.win32_11.6.0.202112161359/tools/bin/../lib/gcc/arm-none-eabi/10.3.1/../../../../arm-none-eabi/lib/thumb/v8-m.main+fp/hard\libcr_nohost_nf.a
LOAD c:/appz/nxp/mcuxpressoide_11.6.0_8187/ide/plugins/com.nxp.mcuxpresso.tools.win32_11.6.0.202112161359/tools/bin/../lib/gcc/arm-none-eabi/10.3.1/../../../../arm-none-eabi/lib/thumb/v8-m.main+fp/hard\libcr_c.a
LOAD c:/appz/nxp/mcuxpressoide_11.6.0_8187/ide/plugins/com.nxp.mcuxpresso.tools.win32_11.6.0.202112161359/tools/bin/../lib/gcc/arm-none-eabi/10.3.1/thumb/v8-m.main+fp/hard\libcr_eabihelpers.a
LOAD c:/appz/nxp/mcuxpressoide_11.6.0_8187/ide/plugins/com.nxp.mcuxpresso.tools.win32_11.6.0.202112161359/tools/bin/../lib/gcc/arm-none-eabi/10.3.1/thumb/v8-m.main+fp/hard\libgcc.a
END GROUP
                0x00000000                __base_PROGRAM_FLASH = 0x0
                0x00000000                __base_Flash = 0x0
                0x00098000                __top_PROGRAM_FLASH = 0x98000
                0x00098000                __top_Flash = 0x98000
                0x20000000                __base_SRAM = 0x20000000
                0x20000000                __base_RAM = 0x20000000
                0x20044000                __top_SRAM = 0x20044000
                0x20044000                __top_RAM = 0x20044000
                0x04000000                __base_SRAMX = 0x4000000
                0x04000000                __base_RAM2 = 0x4000000
                0x04008000                __top_SRAMX = 0x4008000
                0x04008000                __top_RAM2 = 0x4008000
                0x40100000                __base_USB_RAM = 0x40100000
                0x40100000                __base_RAM3 = 0x40100000
                0x40104000                __top_USB_RAM = 0x40104000
                0x40104000                __top_RAM3 = 0x40104000

.text           0x00000000     0x4a44
 FILL mask 0xff
                0x00000000                __vectors_start__ = ABSOLUTE (.)
 *(SORT_BY_ALIGNMENT(.isr_vector))
 .isr_vector    0x00000000      0x130 ./startup/startup_lpc55s69_cm33_core0.o
                0x00000000                g_pfnVectors
                0x00000000                __Vectors
                0x00000130                . = ALIGN (0x4)
                0x00000130                __section_table_start = .
                0x00000130                __data_section_table = .
                0x00000130        0x4 LONG 0x4a44 LOADADDR (.data)
                0x00000134        0x4 LONG 0x20000000 ADDR (.data)
                0x00000138        0x4 LONG 0x8 SIZEOF (.data)
                0x0000013c        0x4 LONG 0x4a44 LOADADDR (.data_RAM2)
                0x00000140        0x4 LONG 0x4000000 ADDR (.data_RAM2)
                0x00000144        0x4 LONG 0x0 SIZEOF (.data_RAM2)
                0x00000148        0x4 LONG 0x4a44 LOADADDR (.data_RAM3)
                0x0000014c        0x4 LONG 0x40100000 ADDR (.data_RAM3)
                0x00000150        0x4 LONG 0x0 SIZEOF (.data_RAM3)
                0x00000154                __data_section_table_end = .
                0x00000154                __bss_section_table = .
                0x00000154        0x4 LONG 0x20000008 ADDR (.bss)
                0x00000158        0x4 LONG 0x144 SIZEOF (.bss)
                0x0000015c        0x4 LONG 0x4000000 ADDR (.bss_RAM2)
                0x00000160        0x4 LONG 0x0 SIZEOF (.bss_RAM2)
                0x00000164        0x4 LONG 0x40100000 ADDR (.bss_RAM3)
                0x00000168        0x4 LONG 0x0 SIZEOF (.bss_RAM3)
                0x0000016c                __bss_section_table_end = .
                0x0000016c                __section_table_end = .
 *(SORT_BY_ALIGNMENT(.after_vectors*))
 .after_vectors.reset
                0x0000016c       0x4c ./startup/startup_lpc55s69_cm33_core0.o
                0x0000016c                ResetISR
 .after_vectors.init_data
                0x000001b8       0x1e ./startup/startup_lpc55s69_cm33_core0.o
                0x000001b8                data_init
 .after_vectors.init_bss
                0x000001d6       0x12 ./startup/startup_lpc55s69_cm33_core0.o
                0x000001d6                bss_init
 .after_vectors
                0x000001e8       0x14 ./startup/startup_lpc55s69_cm33_core0.o
                0x000001e8                NMI_Handler
                0x000001ec                MemManage_Handler
                0x000001ee                BusFault_Handler
                0x000001f0                UsageFault_Handler
                0x000001f2                SVC_Handler
                0x000001f4                DebugMon_Handler
                0x000001f6                PendSV_Handler
                0x000001f8                SysTick_Handler
                0x000001fa                PIN_INT2_DriverIRQHandler
                0x000001fa                Reserved56_DriverIRQHandler
                0x000001fa                PIN_INT0_DriverIRQHandler
                0x000001fa                PIN_INT3_DriverIRQHandler
                0x000001fa                SEC_VIO_DriverIRQHandler
                0x000001fa                IntDefaultHandler
                0x000001fa                USB0_DriverIRQHandler
                0x000001fa                CASER_DriverIRQHandler
                0x000001fa                MRT0_DriverIRQHandler
                0x000001fa                UTICK0_DriverIRQHandler
                0x000001fa                Reserved41_DriverIRQHandler
                0x000001fa                PIN_INT4_DriverIRQHandler
                0x000001fa                PIN_INT5_DriverIRQHandler
                0x000001fa                SEC_GPIO_INT0_IRQ0_DriverIRQHandler
                0x000001fa                GINT1_DriverIRQHandler
                0x000001fa                PIN_INT7_DriverIRQHandler
                0x000001fa                Reserved42_DriverIRQHandler
                0x000001fa                HASHCRYPT_DriverIRQHandler
                0x000001fa                USB0_NEEDCLK_DriverIRQHandler
                0x000001fa                PIN_INT6_DriverIRQHandler
                0x000001fa                PQ_DriverIRQHandler
                0x000001fa                MAILBOX_DriverIRQHandler
                0x000001fa                PIN_INT1_DriverIRQHandler
                0x000001fa                Reserved61_DriverIRQHandler
                0x000001fa                SEC_GPIO_INT0_IRQ1_DriverIRQHandler
                0x000001fa                PUF_DriverIRQHandler
                0x000001fa                RTC_DriverIRQHandler
                0x000001fa                DMA0_DriverIRQHandler
                0x000001fa                Reserved39_DriverIRQHandler
                0x000001fa                USB1_DriverIRQHandler
                0x000001fa                Reserved60_DriverIRQHandler
                0x000001fa                DMA1_DriverIRQHandler
                0x000001fa                ADC0_DriverIRQHandler
                0x000001fa                USB1_NEEDCLK_DriverIRQHandler
                0x000001fa                Reserved59_DriverIRQHandler
                0x000001fa                SDIO_DriverIRQHandler
                0x000001fa                GINT0_DriverIRQHandler
                0x000001fa                ACMP_DriverIRQHandler
                0x000001fa                Reserved57_DriverIRQHandler
                0x000001fa                Reserved55_DriverIRQHandler
                0x000001fa                Reserved46_DriverIRQHandler
                0x000001fa                USB1_UTMI_DriverIRQHandler
                0x000001fa                WDT_BOD_DriverIRQHandler
                0x000001fa                SCT0_DriverIRQHandler
                0x000001fa                PLU_DriverIRQHandler
                0x000001fa                OS_EVENT_DriverIRQHandler
                0x000001fa                SEC_HYPERVISOR_CALL_DriverIRQHandler
 *(SORT_BY_ALIGNMENT(.text*))
 *fill*         0x000001fc        0x4 ff
 .text.ConvertFloatRadixNumToString
                0x00000200      0x2b0 ./utilities/fsl_str.o
 .text.CLOCK_SetFLASHAccessCyclesForFreq
                0x000004b0       0x80 ./drivers/fsl_clock.o
                0x000004b0                CLOCK_SetFLASHAccessCyclesForFreq
 .text.pow      0x00000530      0x564 c:/appz/nxp/mcuxpressoide_11.6.0_8187/ide/plugins/com.nxp.mcuxpresso.tools.win32_11.6.0.202112161359/tools/bin/../lib/gcc/arm-none-eabi/10.3.1/../../../../arm-none-eabi/lib/thumb/v8-m.main+fp/hard\libcr_c.a(pow.o)
                0x00000530                pow
 *fill*         0x00000a94        0x4 ff
 .text.frexp    0x00000a98       0x68 c:/appz/nxp/mcuxpressoide_11.6.0_8187/ide/plugins/com.nxp.mcuxpresso.tools.win32_11.6.0.202112161359/tools/bin/../lib/gcc/arm-none-eabi/10.3.1/../../../../arm-none-eabi/lib/thumb/v8-m.main+fp/hard\libcr_c.a(frexp.o)
                0x00000a98                frexp
 .text.ldexp    0x00000b00       0x5c c:/appz/nxp/mcuxpressoide_11.6.0_8187/ide/plugins/com.nxp.mcuxpresso.tools.win32_11.6.0.202112161359/tools/bin/../lib/gcc/arm-none-eabi/10.3.1/../../../../arm-none-eabi/lib/thumb/v8-m.main+fp/hard\libcr_c.a(ldexp.o)
                0x00000b00                ldexp
 .text.DbgConsole_ReadOneCharacter
                0x00000b5c       0x34 ./utilities/fsl_debug_console.o
                0x00000b5c                DbgConsole_ReadOneCharacter
 .text.DbgConsole_SendDataReliable
                0x00000b90       0x58 ./utilities/fsl_debug_console.o
                0x00000b90                DbgConsole_SendDataReliable
 .text.DbgConsole_ReadCharacter
                0x00000be8       0x3c ./utilities/fsl_debug_console.o
                0x00000be8                DbgConsole_ReadCharacter
 .text.DbgConsole_Init
                0x00000c24      0x104 ./utilities/fsl_debug_console.o
                0x00000c24                DbgConsole_Init
 .text.DbgConsole_Printf
                0x00000d28       0x7c ./utilities/fsl_debug_console.o
                0x00000d28                DbgConsole_Printf
 .text.main     0x00000da4       0x44 ./source/hello_world.o
                0x00000da4                main
 .text.POWER_DisablePD
                0x00000de8       0x20 ./drivers/fsl_clock.o
 .text.CLOCK_AttachClk
                0x00000e08       0x98 ./drivers/fsl_clock.o
                0x00000e08                CLOCK_AttachClk
 .text.CLOCK_SetClkDiv
                0x00000ea0       0x5c ./drivers/fsl_clock.o
                0x00000ea0                CLOCK_SetClkDiv
 .text.CLOCK_SetupFROClocking
                0x00000efc       0x94 ./drivers/fsl_clock.o
                0x00000efc                CLOCK_SetupFROClocking
 .text.__NVIC_EnableIRQ
                0x00000f90       0x3c ./drivers/fsl_ctimer.o
 .text.CTIMER_GetInstance
                0x00000fcc       0x54 ./drivers/fsl_ctimer.o
 .text.CTIMER_Init
                0x00001020       0x74 ./drivers/fsl_ctimer.o
                0x00001020                CTIMER_Init
 .text.CTIMER_SetupMatch
                0x00001094      0x11c ./drivers/fsl_ctimer.o
                0x00001094                CTIMER_SetupMatch
 .text.CTIMER_RegisterCallBack
                0x000011b0       0x3c ./drivers/fsl_ctimer.o
                0x000011b0                CTIMER_RegisterCallBack
 .text.CTIMER_GenericIRQHandler
                0x000011ec       0xb4 ./drivers/fsl_ctimer.o
                0x000011ec                CTIMER_GenericIRQHandler
 .text.FLEXCOMM_GetInstance
                0x000012a0       0x44 ./drivers/fsl_flexcomm.o
                0x000012a0                FLEXCOMM_GetInstance
 .text.FLEXCOMM_Init
                0x000012e4       0x5c ./drivers/fsl_flexcomm.o
                0x000012e4                FLEXCOMM_Init
 .text.FLEXCOMM0_DriverIRQHandler
                0x00001340       0x38 ./drivers/fsl_flexcomm.o
                0x00001340                FLEXCOMM0_DriverIRQHandler
 .text.FLEXCOMM1_DriverIRQHandler
                0x00001378       0x38 ./drivers/fsl_flexcomm.o
                0x00001378                FLEXCOMM1_DriverIRQHandler
 .text.FLEXCOMM2_DriverIRQHandler
                0x000013b0       0x38 ./drivers/fsl_flexcomm.o
                0x000013b0                FLEXCOMM2_DriverIRQHandler
 .text.FLEXCOMM3_DriverIRQHandler
                0x000013e8       0x38 ./drivers/fsl_flexcomm.o
                0x000013e8                FLEXCOMM3_DriverIRQHandler
 .text.FLEXCOMM4_DriverIRQHandler
                0x00001420       0x38 ./drivers/fsl_flexcomm.o
                0x00001420                FLEXCOMM4_DriverIRQHandler
 .text.FLEXCOMM5_DriverIRQHandler
                0x00001458       0x38 ./drivers/fsl_flexcomm.o
                0x00001458                FLEXCOMM5_DriverIRQHandler
 .text.FLEXCOMM6_DriverIRQHandler
                0x00001490       0x38 ./drivers/fsl_flexcomm.o
                0x00001490                FLEXCOMM6_DriverIRQHandler
 .text.FLEXCOMM7_DriverIRQHandler
                0x000014c8       0x38 ./drivers/fsl_flexcomm.o
                0x000014c8                FLEXCOMM7_DriverIRQHandler
 .text.FLEXCOMM8_DriverIRQHandler
                0x00001500       0x38 ./drivers/fsl_flexcomm.o
                0x00001500                FLEXCOMM8_DriverIRQHandler
 .text.RESET_SetPeripheralReset
                0x00001538       0x5c ./drivers/fsl_reset.o
                0x00001538                RESET_SetPeripheralReset
 .text.RESET_ClearPeripheralReset
                0x00001594       0x60 ./drivers/fsl_reset.o
                0x00001594                RESET_ClearPeripheralReset
 .text.USART_Init
                0x000015f4      0x180 ./drivers/fsl_usart.o
                0x000015f4                USART_Init
 .text.USART_GetDefaultConfig
                0x00001774       0x74 ./drivers/fsl_usart.o
                0x00001774                USART_GetDefaultConfig
 .text.USART_SetBaudRate
                0x000017e8      0x110 ./drivers/fsl_usart.o
                0x000017e8                USART_SetBaudRate
 .text.USART_WriteBlocking
                0x000018f8       0x88 ./drivers/fsl_usart.o
                0x000018f8                USART_WriteBlocking
 .text.USART_ReadBlocking
                0x00001980      0x10c ./drivers/fsl_usart.o
                0x00001980                USART_ReadBlocking
 .text.SystemInit
                0x00001a8c       0x64 ./device/system_LPC55S69_cm33_core0.o
                0x00001a8c                SystemInit
 .text.HAL_UartInit
                0x00001af0      0x108 ./component/uart/usart_adapter.o
                0x00001af0                HAL_UartInit
 .text.HAL_UartReceiveBlocking
                0x00001bf8       0x6c ./component/uart/usart_adapter.o
                0x00001bf8                HAL_UartReceiveBlocking
 .text.HAL_UartSendBlocking
                0x00001c64       0x64 ./component/uart/usart_adapter.o
                0x00001c64                HAL_UartSendBlocking
 .text.SerialManager_Write
                0x00001cc8       0x6c ./component/serial_manager/serial_manager.o
 .text.SerialManager_Read
                0x00001d34       0x6c ./component/serial_manager/serial_manager.o
 .text.SerialManager_Init
                0x00001da0       0x74 ./component/serial_manager/serial_manager.o
                0x00001da0                SerialManager_Init
 .text.SerialManager_OpenWriteHandle
                0x00001e14       0x58 ./component/serial_manager/serial_manager.o
                0x00001e14                SerialManager_OpenWriteHandle
 .text.SerialManager_OpenReadHandle
                0x00001e6c       0x60 ./component/serial_manager/serial_manager.o
                0x00001e6c                SerialManager_OpenReadHandle
 .text.Serial_UartInit
                0x00001ecc       0x80 ./component/serial_manager/serial_port_uart.o
                0x00001ecc                Serial_UartInit
 .text.Serial_UartWrite
                0x00001f4c       0x58 ./component/serial_manager/serial_port_uart.o
                0x00001f4c                Serial_UartWrite
 .text.Serial_UartRead
                0x00001fa4       0x58 ./component/serial_manager/serial_port_uart.o
                0x00001fa4                Serial_UartRead
 .text.BOARD_InitDebugConsole
                0x00001ffc       0x38 ./board/board.o
                0x00001ffc                BOARD_InitDebugConsole
 .text.POWER_DisablePD
                0x00002034       0x20 ./board/clock_config.o
 .text.BOARD_BootClockFROHF96M
                0x00002054       0x68 ./board/clock_config.o
                0x00002054                BOARD_BootClockFROHF96M
 .text.CTIMER0_init
                0x000020bc       0x34 ./board/peripherals.o
 .text.CTIMER2_init
                0x000020f0       0x2c ./board/peripherals.o
 .text.BOARD_InitPins
                0x0000211c       0x6c ./board/pin_mux.o
                0x0000211c                BOARD_InitPins
 .text.nio_set_system_voltage
                0x00002188       0xc0 C:\Temp\xcerny76\NXP\cv8\lpcxpresso55s69_hello_world\libs\libpower_hardabi.a(fsl_power_lib.o)
                0x00002188                nio_set_system_voltage
 .text.POWER_SetVoltageForFreq
                0x00002248       0x28 C:\Temp\xcerny76\NXP\cv8\lpcxpresso55s69_hello_world\libs\libpower_hardabi.a(fsl_power_lib.o)
                0x00002248                POWER_SetVoltageForFreq
 .text.__assertion_failed
                0x00002270       0x4c c:/appz/nxp/mcuxpressoide_11.6.0_8187/ide/plugins/com.nxp.mcuxpresso.tools.win32_11.6.0.202112161359/tools/bin/../lib/gcc/arm-none-eabi/10.3.1/../../../../arm-none-eabi/lib/thumb/v8-m.main+fp/hard\libcr_nohost_nf.a(_cr_assert.o)
                0x00002270                __assertion_failed
 .text._Cwritebuf
                0x000022bc       0x6c c:/appz/nxp/mcuxpressoide_11.6.0_8187/ide/plugins/com.nxp.mcuxpresso.tools.win32_11.6.0.202112161359/tools/bin/../lib/gcc/arm-none-eabi/10.3.1/../../../../arm-none-eabi/lib/thumb/v8-m.main+fp/hard\libcr_c.a(_writebuf.o)
                0x000022bc                _Cwritebuf
 .text.malloc   0x00002328       0xc8 c:/appz/nxp/mcuxpressoide_11.6.0_8187/ide/plugins/com.nxp.mcuxpresso.tools.win32_11.6.0.202112161359/tools/bin/../lib/gcc/arm-none-eabi/10.3.1/../../../../arm-none-eabi/lib/thumb/v8-m.main+fp/hard\libcr_c.a(alloc.o)
                0x00002328                malloc
 .text._Csys_alloc
                0x000023f0       0x20 c:/appz/nxp/mcuxpressoide_11.6.0_8187/ide/plugins/com.nxp.mcuxpresso.tools.win32_11.6.0.202112161359/tools/bin/../lib/gcc/arm-none-eabi/10.3.1/../../../../arm-none-eabi/lib/thumb/v8-m.main+fp/hard\libcr_c.a(alloc.o)
                0x000023f0                _Csys_alloc
 .text.fseek    0x00002410       0xfc c:/appz/nxp/mcuxpressoide_11.6.0_8187/ide/plugins/com.nxp.mcuxpresso.tools.win32_11.6.0.202112161359/tools/bin/../lib/gcc/arm-none-eabi/10.3.1/../../../../arm-none-eabi/lib/thumb/v8-m.main+fp/hard\libcr_c.a(fseek.o)
                0x00002410                fseek
 .text.ftell    0x0000250c       0x44 c:/appz/nxp/mcuxpressoide_11.6.0_8187/ide/plugins/com.nxp.mcuxpresso.tools.win32_11.6.0.202112161359/tools/bin/../lib/gcc/arm-none-eabi/10.3.1/../../../../arm-none-eabi/lib/thumb/v8-m.main+fp/hard\libcr_c.a(ftell.o)
                0x0000250c                ftell
 .text._initio  0x00002550       0x78 c:/appz/nxp/mcuxpressoide_11.6.0_8187/ide/plugins/com.nxp.mcuxpresso.tools.win32_11.6.0.202112161359/tools/bin/../lib/gcc/arm-none-eabi/10.3.1/../../../../arm-none-eabi/lib/thumb/v8-m.main+fp/hard\libcr_c.a(initio.o)
                0x00002550                _initio
 .text.modf     0x000025c8       0x8c c:/appz/nxp/mcuxpressoide_11.6.0_8187/ide/plugins/com.nxp.mcuxpresso.tools.win32_11.6.0.202112161359/tools/bin/../lib/gcc/arm-none-eabi/10.3.1/../../../../arm-none-eabi/lib/thumb/v8-m.main+fp/hard\libcr_c.a(modf.o)
                0x000025c8                modf
 .text._sbrk    0x00002654       0x3c c:/appz/nxp/mcuxpressoide_11.6.0_8187/ide/plugins/com.nxp.mcuxpresso.tools.win32_11.6.0.202112161359/tools/bin/../lib/gcc/arm-none-eabi/10.3.1/../../../../arm-none-eabi/lib/thumb/v8-m.main+fp/hard\libcr_c.a(_cr_sbrk.o)
                0x00002654                _sbrk
 .text.fflush   0x00002690       0x3c c:/appz/nxp/mcuxpressoide_11.6.0_8187/ide/plugins/com.nxp.mcuxpresso.tools.win32_11.6.0.202112161359/tools/bin/../lib/gcc/arm-none-eabi/10.3.1/../../../../arm-none-eabi/lib/thumb/v8-m.main+fp/hard\libcr_c.a(fflush.o)
                0x00002690                fflush
 .text.__check_heap_overflow
                0x000026cc       0x18 c:/appz/nxp/mcuxpressoide_11.6.0_8187/ide/plugins/com.nxp.mcuxpresso.tools.win32_11.6.0.202112161359/tools/bin/../lib/gcc/arm-none-eabi/10.3.1/../../../../arm-none-eabi/lib/thumb/v8-m.main+fp/hard\libcr_c.a(_cr_check_heap.o)
                0x000026cc                __check_heap_overflow
 .text.__aeabi_dmul
                0x000026e4       0xfc c:/appz/nxp/mcuxpressoide_11.6.0_8187/ide/plugins/com.nxp.mcuxpresso.tools.win32_11.6.0.202112161359/tools/bin/../lib/gcc/arm-none-eabi/10.3.1/thumb/v8-m.main+fp/hard\libcr_eabihelpers.a(double.o)
                0x000026e4                __aeabi_dmul
 .text.__aeabi_ddiv
                0x000027e0      0x13c c:/appz/nxp/mcuxpressoide_11.6.0_8187/ide/plugins/com.nxp.mcuxpresso.tools.win32_11.6.0.202112161359/tools/bin/../lib/gcc/arm-none-eabi/10.3.1/thumb/v8-m.main+fp/hard\libcr_eabihelpers.a(double.o)
                0x000027e0                __aeabi_ddiv
 .text.__aeabi_dsub
                0x0000291c      0x1ac c:/appz/nxp/mcuxpressoide_11.6.0_8187/ide/plugins/com.nxp.mcuxpresso.tools.win32_11.6.0.202112161359/tools/bin/../lib/gcc/arm-none-eabi/10.3.1/thumb/v8-m.main+fp/hard\libcr_eabihelpers.a(double.o)
                0x0000291c                __aeabi_dsub
 .text.__aeabi_dadd
                0x00002ac8      0x118 c:/appz/nxp/mcuxpressoide_11.6.0_8187/ide/plugins/com.nxp.mcuxpresso.tools.win32_11.6.0.202112161359/tools/bin/../lib/gcc/arm-none-eabi/10.3.1/thumb/v8-m.main+fp/hard\libcr_eabihelpers.a(double.o)
                0x00002ac8                __aeabi_dadd
 .text.__aeabi_d2f
                0x00002be0       0x58 c:/appz/nxp/mcuxpressoide_11.6.0_8187/ide/plugins/com.nxp.mcuxpresso.tools.win32_11.6.0.202112161359/tools/bin/../lib/gcc/arm-none-eabi/10.3.1/thumb/v8-m.main+fp/hard\libcr_eabihelpers.a(double.o)
                0x00002be0                __aeabi_d2f
 .text.__aeabi_f2d
                0x00002c38       0x38 c:/appz/nxp/mcuxpressoide_11.6.0_8187/ide/plugins/com.nxp.mcuxpresso.tools.win32_11.6.0.202112161359/tools/bin/../lib/gcc/arm-none-eabi/10.3.1/thumb/v8-m.main+fp/hard\libcr_eabihelpers.a(float.o)
                0x00002c38                __aeabi_f2d
 .text.DbgConsole_PrintCallback
                0x00002c70       0x66 ./utilities/fsl_debug_console.o
 .text.DbgConsole_Putchar
                0x00002cd6       0x1c ./utilities/fsl_debug_console.o
                0x00002cd6                DbgConsole_Putchar
 .text.DbgConsole_Getchar
                0x00002cf2       0x1c ./utilities/fsl_debug_console.o
                0x00002cf2                DbgConsole_Getchar
 .text.ConvertRadixNumToString
                0x00002d0e      0x114 ./utilities/fsl_str.o
 .text.StrFormatPrintf
                0x00002e22      0x34a ./utilities/fsl_str.o
                0x00002e22                StrFormatPrintf
 .text.WDT_BOD_IRQHandler
                0x0000316c        0x8 ./startup/startup_lpc55s69_cm33_core0.o
                0x0000316c                WDT_BOD_IRQHandler
 .text.DMA0_IRQHandler
                0x00003174        0x8 ./startup/startup_lpc55s69_cm33_core0.o
                0x00003174                DMA0_IRQHandler
 .text.GINT0_IRQHandler
                0x0000317c        0x8 ./startup/startup_lpc55s69_cm33_core0.o
                0x0000317c                GINT0_IRQHandler
 .text.GINT1_IRQHandler
                0x00003184        0x8 ./startup/startup_lpc55s69_cm33_core0.o
                0x00003184                GINT1_IRQHandler
 .text.PIN_INT0_IRQHandler
                0x0000318c        0x8 ./startup/startup_lpc55s69_cm33_core0.o
                0x0000318c                PIN_INT0_IRQHandler
 .text.PIN_INT1_IRQHandler
                0x00003194        0x8 ./startup/startup_lpc55s69_cm33_core0.o
                0x00003194                PIN_INT1_IRQHandler
 .text.PIN_INT2_IRQHandler
                0x0000319c        0x8 ./startup/startup_lpc55s69_cm33_core0.o
                0x0000319c                PIN_INT2_IRQHandler
 .text.PIN_INT3_IRQHandler
                0x000031a4        0x8 ./startup/startup_lpc55s69_cm33_core0.o
                0x000031a4                PIN_INT3_IRQHandler
 .text.UTICK0_IRQHandler
                0x000031ac        0x8 ./startup/startup_lpc55s69_cm33_core0.o
                0x000031ac                UTICK0_IRQHandler
 .text.MRT0_IRQHandler
                0x000031b4        0x8 ./startup/startup_lpc55s69_cm33_core0.o
                0x000031b4                MRT0_IRQHandler
 .text.CTIMER0_IRQHandler
                0x000031bc        0x8 ./startup/startup_lpc55s69_cm33_core0.o
                0x000031bc                CTIMER0_IRQHandler
 .text.CTIMER1_IRQHandler
                0x000031c4        0x8 ./startup/startup_lpc55s69_cm33_core0.o
                0x000031c4                CTIMER1_IRQHandler
 .text.SCT0_IRQHandler
                0x000031cc        0x8 ./startup/startup_lpc55s69_cm33_core0.o
                0x000031cc                SCT0_IRQHandler
 .text.CTIMER3_IRQHandler
                0x000031d4        0x8 ./startup/startup_lpc55s69_cm33_core0.o
                0x000031d4                CTIMER3_IRQHandler
 .text.FLEXCOMM0_IRQHandler
                0x000031dc        0x8 ./startup/startup_lpc55s69_cm33_core0.o
                0x000031dc                FLEXCOMM0_IRQHandler
 .text.FLEXCOMM1_IRQHandler
                0x000031e4        0x8 ./startup/startup_lpc55s69_cm33_core0.o
                0x000031e4                FLEXCOMM1_IRQHandler
 .text.FLEXCOMM2_IRQHandler
                0x000031ec        0x8 ./startup/startup_lpc55s69_cm33_core0.o
                0x000031ec                FLEXCOMM2_IRQHandler
 .text.FLEXCOMM3_IRQHandler
                0x000031f4        0x8 ./startup/startup_lpc55s69_cm33_core0.o
                0x000031f4                FLEXCOMM3_IRQHandler
 .text.FLEXCOMM4_IRQHandler
                0x000031fc        0x8 ./startup/startup_lpc55s69_cm33_core0.o
                0x000031fc                FLEXCOMM4_IRQHandler
 .text.FLEXCOMM5_IRQHandler
                0x00003204        0x8 ./startup/startup_lpc55s69_cm33_core0.o
                0x00003204                FLEXCOMM5_IRQHandler
 .text.FLEXCOMM6_IRQHandler
                0x0000320c        0x8 ./startup/startup_lpc55s69_cm33_core0.o
                0x0000320c                FLEXCOMM6_IRQHandler
 .text.FLEXCOMM7_IRQHandler
                0x00003214        0x8 ./startup/startup_lpc55s69_cm33_core0.o
                0x00003214                FLEXCOMM7_IRQHandler
 .text.ADC0_IRQHandler
                0x0000321c        0x8 ./startup/startup_lpc55s69_cm33_core0.o
                0x0000321c                ADC0_IRQHandler
 .text.Reserved39_IRQHandler
                0x00003224        0x8 ./startup/startup_lpc55s69_cm33_core0.o
                0x00003224                Reserved39_IRQHandler
 .text.ACMP_IRQHandler
                0x0000322c        0x8 ./startup/startup_lpc55s69_cm33_core0.o
                0x0000322c                ACMP_IRQHandler
 .text.Reserved41_IRQHandler
                0x00003234        0x8 ./startup/startup_lpc55s69_cm33_core0.o
                0x00003234                Reserved41_IRQHandler
 .text.Reserved42_IRQHandler
                0x0000323c        0x8 ./startup/startup_lpc55s69_cm33_core0.o
                0x0000323c                Reserved42_IRQHandler
 .text.USB0_NEEDCLK_IRQHandler
                0x00003244        0x8 ./startup/startup_lpc55s69_cm33_core0.o
                0x00003244                USB0_NEEDCLK_IRQHandler
 .text.USB0_IRQHandler
                0x0000324c        0x8 ./startup/startup_lpc55s69_cm33_core0.o
                0x0000324c                USB0_IRQHandler
 .text.RTC_IRQHandler
                0x00003254        0x8 ./startup/startup_lpc55s69_cm33_core0.o
                0x00003254                RTC_IRQHandler
 .text.Reserved46_IRQHandler
                0x0000325c        0x8 ./startup/startup_lpc55s69_cm33_core0.o
                0x0000325c                Reserved46_IRQHandler
 .text.MAILBOX_IRQHandler
                0x00003264        0x8 ./startup/startup_lpc55s69_cm33_core0.o
                0x00003264                MAILBOX_IRQHandler
 .text.PIN_INT4_IRQHandler
                0x0000326c        0x8 ./startup/startup_lpc55s69_cm33_core0.o
                0x0000326c                PIN_INT4_IRQHandler
 .text.PIN_INT5_IRQHandler
                0x00003274        0x8 ./startup/startup_lpc55s69_cm33_core0.o
                0x00003274                PIN_INT5_IRQHandler
 .text.PIN_INT6_IRQHandler
                0x0000327c        0x8 ./startup/startup_lpc55s69_cm33_core0.o
                0x0000327c                PIN_INT6_IRQHandler
 .text.PIN_INT7_IRQHandler
                0x00003284        0x8 ./startup/startup_lpc55s69_cm33_core0.o
                0x00003284                PIN_INT7_IRQHandler
 .text.CTIMER2_IRQHandler
                0x0000328c        0x8 ./startup/startup_lpc55s69_cm33_core0.o
                0x0000328c                CTIMER2_IRQHandler
 .text.CTIMER4_IRQHandler
                0x00003294        0x8 ./startup/startup_lpc55s69_cm33_core0.o
                0x00003294                CTIMER4_IRQHandler
 .text.OS_EVENT_IRQHandler
                0x0000329c        0x8 ./startup/startup_lpc55s69_cm33_core0.o
                0x0000329c                OS_EVENT_IRQHandler
 .text.Reserved55_IRQHandler
                0x000032a4        0x8 ./startup/startup_lpc55s69_cm33_core0.o
                0x000032a4                Reserved55_IRQHandler
 .text.Reserved56_IRQHandler
                0x000032ac        0x8 ./startup/startup_lpc55s69_cm33_core0.o
                0x000032ac                Reserved56_IRQHandler
 .text.Reserved57_IRQHandler
                0x000032b4        0x8 ./startup/startup_lpc55s69_cm33_core0.o
                0x000032b4                Reserved57_IRQHandler
 .text.SDIO_IRQHandler
                0x000032bc        0x8 ./startup/startup_lpc55s69_cm33_core0.o
                0x000032bc                SDIO_IRQHandler
 .text.Reserved59_IRQHandler
                0x000032c4        0x8 ./startup/startup_lpc55s69_cm33_core0.o
                0x000032c4                Reserved59_IRQHandler
 .text.Reserved60_IRQHandler
                0x000032cc        0x8 ./startup/startup_lpc55s69_cm33_core0.o
                0x000032cc                Reserved60_IRQHandler
 .text.Reserved61_IRQHandler
                0x000032d4        0x8 ./startup/startup_lpc55s69_cm33_core0.o
                0x000032d4                Reserved61_IRQHandler
 .text.USB1_UTMI_IRQHandler
                0x000032dc        0x8 ./startup/startup_lpc55s69_cm33_core0.o
                0x000032dc                USB1_UTMI_IRQHandler
 .text.USB1_IRQHandler
                0x000032e4        0x8 ./startup/startup_lpc55s69_cm33_core0.o
                0x000032e4                USB1_IRQHandler
 .text.USB1_NEEDCLK_IRQHandler
                0x000032ec        0x8 ./startup/startup_lpc55s69_cm33_core0.o
                0x000032ec                USB1_NEEDCLK_IRQHandler
 .text.SEC_HYPERVISOR_CALL_IRQHandler
                0x000032f4        0x8 ./startup/startup_lpc55s69_cm33_core0.o
                0x000032f4                SEC_HYPERVISOR_CALL_IRQHandler
 .text.SEC_GPIO_INT0_IRQ0_IRQHandler
                0x000032fc        0x8 ./startup/startup_lpc55s69_cm33_core0.o
                0x000032fc                SEC_GPIO_INT0_IRQ0_IRQHandler
 .text.SEC_GPIO_INT0_IRQ1_IRQHandler
                0x00003304        0x8 ./startup/startup_lpc55s69_cm33_core0.o
                0x00003304                SEC_GPIO_INT0_IRQ1_IRQHandler
 .text.PLU_IRQHandler
                0x0000330c        0x8 ./startup/startup_lpc55s69_cm33_core0.o
                0x0000330c                PLU_IRQHandler
 .text.SEC_VIO_IRQHandler
                0x00003314        0x8 ./startup/startup_lpc55s69_cm33_core0.o
                0x00003314                SEC_VIO_IRQHandler
 .text.HASHCRYPT_IRQHandler
                0x0000331c        0x8 ./startup/startup_lpc55s69_cm33_core0.o
                0x0000331c                HASHCRYPT_IRQHandler
 .text.CASER_IRQHandler
                0x00003324        0x8 ./startup/startup_lpc55s69_cm33_core0.o
                0x00003324                CASER_IRQHandler
 .text.PUF_IRQHandler
                0x0000332c        0x8 ./startup/startup_lpc55s69_cm33_core0.o
                0x0000332c                PUF_IRQHandler
 .text.PQ_IRQHandler
                0x00003334        0x8 ./startup/startup_lpc55s69_cm33_core0.o
                0x00003334                PQ_IRQHandler
 .text.DMA1_IRQHandler
                0x0000333c        0x8 ./startup/startup_lpc55s69_cm33_core0.o
                0x0000333c                DMA1_IRQHandler
 .text.FLEXCOMM8_IRQHandler
                0x00003344        0x8 ./startup/startup_lpc55s69_cm33_core0.o
                0x00003344                FLEXCOMM8_IRQHandler
 .text.CTIMER_StartTimer
                0x0000334c       0x20 ./source/hello_world.o
 .text.TimerIRQ
                0x0000336c       0x14 ./source/hello_world.o
                0x0000336c                TimerIRQ
 .text.HardFault_Handler
                0x00003380       0x2c ./source/semihost_hardfault.o
                0x00003380                HardFault_Handler
 .text.CLOCK_EnableClock
                0x000033ac       0x30 ./drivers/fsl_ctimer.o
 .text.EnableIRQ
                0x000033dc       0x2c ./drivers/fsl_ctimer.o
 .text.CTIMER_GetStatusFlags
                0x00003408       0x18 ./drivers/fsl_ctimer.o
 .text.CTIMER_ClearStatusFlags
                0x00003420       0x1c ./drivers/fsl_ctimer.o
 .text.CTIMER0_DriverIRQHandler
                0x0000343c        0xe ./drivers/fsl_ctimer.o
                0x0000343c                CTIMER0_DriverIRQHandler
 .text.CTIMER1_DriverIRQHandler
                0x0000344a        0xe ./drivers/fsl_ctimer.o
                0x0000344a                CTIMER1_DriverIRQHandler
 .text.CTIMER2_DriverIRQHandler
                0x00003458        0xe ./drivers/fsl_ctimer.o
                0x00003458                CTIMER2_DriverIRQHandler
 .text.CTIMER3_DriverIRQHandler
                0x00003466        0xe ./drivers/fsl_ctimer.o
                0x00003466                CTIMER3_DriverIRQHandler
 .text.CTIMER4_DriverIRQHandler
                0x00003474        0xe ./drivers/fsl_ctimer.o
                0x00003474                CTIMER4_DriverIRQHandler
 .text.CLOCK_EnableClock
                0x00003482       0x30 ./drivers/fsl_flexcomm.o
 .text.FLEXCOMM_PeripheralIsPresent
                0x000034b2       0x64 ./drivers/fsl_flexcomm.o
 .text.FLEXCOMM_SetPeriph
                0x00003516       0x74 ./drivers/fsl_flexcomm.o
 .text.RESET_PeripheralReset
                0x0000358a       0x1c ./drivers/fsl_reset.o
                0x0000358a                RESET_PeripheralReset
 .text.USART_EnableContinuousSCLK
                0x000035a6       0x38 ./drivers/fsl_usart.o
 .text.SystemInitHook
                0x000035de        0xe ./device/system_LPC55S69_cm33_core0.o
                0x000035de                SystemInitHook
 .text.HAL_UartGetStatus
                0x000035ec       0x22 ./component/uart/usart_adapter.o
 .text.SerialManager_StartWriting
                0x0000360e       0x4a ./component/serial_manager/serial_manager.o
 .text.SerialManager_StartReading
                0x00003658       0x4a ./component/serial_manager/serial_manager.o
 .text.SerialManager_WriteBlocking
                0x000036a2       0x20 ./component/serial_manager/serial_manager.o
                0x000036a2                SerialManager_WriteBlocking
 .text.SerialManager_ReadBlocking
                0x000036c2       0x20 ./component/serial_manager/serial_manager.o
                0x000036c2                SerialManager_ReadBlocking
 .text.CTIMER_StartTimer
                0x000036e2       0x20 ./board/peripherals.o
 .text.BOARD_InitPeripherals
                0x00003702       0x10 ./board/peripherals.o
                0x00003702                BOARD_InitPeripherals
 .text.BOARD_InitBootPeripherals
                0x00003712        0xc ./board/peripherals.o
                0x00003712                BOARD_InitBootPeripherals
 .text.CLOCK_EnableClock
                0x0000371e       0x30 ./board/pin_mux.o
 .text.IOCON_PinMuxSet
                0x0000374e       0x2e ./board/pin_mux.o
 .text.__main   0x0000377c        0xe c:/appz/nxp/mcuxpressoide_11.6.0_8187/ide/plugins/com.nxp.mcuxpresso.tools.win32_11.6.0.202112161359/tools/bin/../lib/gcc/arm-none-eabi/10.3.1/../../../../arm-none-eabi/lib/thumb/v8-m.main+fp/hard\libcr_nohost_nf.a(_cr__main.o)
                0x0000377c                __main
 .text.__sys_appexit
                0x0000378a        0x2 c:/appz/nxp/mcuxpressoide_11.6.0_8187/ide/plugins/com.nxp.mcuxpresso.tools.win32_11.6.0.202112161359/tools/bin/../lib/gcc/arm-none-eabi/10.3.1/../../../../arm-none-eabi/lib/thumb/v8-m.main+fp/hard\libcr_nohost_nf.a(__sys_appexit.o)
                0x0000378a                __sys_appexit
                0x0000378a                __exit
 .text.memset   0x0000378c        0x4 c:/appz/nxp/mcuxpressoide_11.6.0_8187/ide/plugins/com.nxp.mcuxpresso.tools.win32_11.6.0.202112161359/tools/bin/../lib/gcc/arm-none-eabi/10.3.1/../../../../arm-none-eabi/lib/thumb/v8-m.main+fp/hard\libcr_c.a(memset.o)
                0x0000378c                memset
 .text._deferredlazyseek
                0x00003790       0x40 c:/appz/nxp/mcuxpressoide_11.6.0_8187/ide/plugins/com.nxp.mcuxpresso.tools.win32_11.6.0.202112161359/tools/bin/../lib/gcc/arm-none-eabi/10.3.1/../../../../arm-none-eabi/lib/thumb/v8-m.main+fp/hard\libcr_c.a(_deferredlazyseek.o)
                0x00003790                _deferredlazyseek
 .text.__flsbuf
                0x000037d0      0x140 c:/appz/nxp/mcuxpressoide_11.6.0_8187/ide/plugins/com.nxp.mcuxpresso.tools.win32_11.6.0.202112161359/tools/bin/../lib/gcc/arm-none-eabi/10.3.1/../../../../arm-none-eabi/lib/thumb/v8-m.main+fp/hard\libcr_c.a(_deferredlazyseek.o)
                0x000037d0                __flsbuf
 .text._fflush  0x00003910       0x52 c:/appz/nxp/mcuxpressoide_11.6.0_8187/ide/plugins/com.nxp.mcuxpresso.tools.win32_11.6.0.202112161359/tools/bin/../lib/gcc/arm-none-eabi/10.3.1/../../../../arm-none-eabi/lib/thumb/v8-m.main+fp/hard\libcr_c.a(_fflush.o)
                0x00003910                _fflush
 .text.free     0x00003962       0x30 c:/appz/nxp/mcuxpressoide_11.6.0_8187/ide/plugins/com.nxp.mcuxpresso.tools.win32_11.6.0.202112161359/tools/bin/../lib/gcc/arm-none-eabi/10.3.1/../../../../arm-none-eabi/lib/thumb/v8-m.main+fp/hard\libcr_c.a(alloc.o)
                0x00003962                free
 .text.fputs    0x00003992       0x2c c:/appz/nxp/mcuxpressoide_11.6.0_8187/ide/plugins/com.nxp.mcuxpresso.tools.win32_11.6.0.202112161359/tools/bin/../lib/gcc/arm-none-eabi/10.3.1/../../../../arm-none-eabi/lib/thumb/v8-m.main+fp/hard\libcr_c.a(fputs.o)
                0x00003992                fputs
 .text.setvbuf  0x000039be       0x3e c:/appz/nxp/mcuxpressoide_11.6.0_8187/ide/plugins/com.nxp.mcuxpresso.tools.win32_11.6.0.202112161359/tools/bin/../lib/gcc/arm-none-eabi/10.3.1/../../../../arm-none-eabi/lib/thumb/v8-m.main+fp/hard\libcr_c.a(setvbuf.o)
                0x000039be                setvbuf
 .text.strlen   0x000039fc       0x48 c:/appz/nxp/mcuxpressoide_11.6.0_8187/ide/plugins/com.nxp.mcuxpresso.tools.win32_11.6.0.202112161359/tools/bin/../lib/gcc/arm-none-eabi/10.3.1/../../../../arm-none-eabi/lib/thumb/v8-m.main+fp/hard\libcr_c.a(strlen.o)
                0x000039fc                strlen
 .text._fdopen  0x00003a44       0x68 c:/appz/nxp/mcuxpressoide_11.6.0_8187/ide/plugins/com.nxp.mcuxpresso.tools.win32_11.6.0.202112161359/tools/bin/../lib/gcc/arm-none-eabi/10.3.1/../../../../arm-none-eabi/lib/thumb/v8-m.main+fp/hard\libcr_c.a(_fdopen.o)
                0x00003a44                _fdopen
 .text.fclose   0x00003aac       0x58 c:/appz/nxp/mcuxpressoide_11.6.0_8187/ide/plugins/com.nxp.mcuxpresso.tools.win32_11.6.0.202112161359/tools/bin/../lib/gcc/arm-none-eabi/10.3.1/../../../../arm-none-eabi/lib/thumb/v8-m.main+fp/hard\libcr_c.a(fclose.o)
                0x00003aac                fclose
 .text.remove   0x00003b04       0x14 c:/appz/nxp/mcuxpressoide_11.6.0_8187/ide/plugins/com.nxp.mcuxpresso.tools.win32_11.6.0.202112161359/tools/bin/../lib/gcc/arm-none-eabi/10.3.1/../../../../arm-none-eabi/lib/thumb/v8-m.main+fp/hard\libcr_c.a(remove.o)
                0x00003b04                remove
 .text._do_fflush
                0x00003b18       0x40 c:/appz/nxp/mcuxpressoide_11.6.0_8187/ide/plugins/com.nxp.mcuxpresso.tools.win32_11.6.0.202112161359/tools/bin/../lib/gcc/arm-none-eabi/10.3.1/../../../../arm-none-eabi/lib/thumb/v8-m.main+fp/hard\libcr_c.a(_do_fflush.o)
                0x00003b18                _do_fflush
 .text.__aeabi_d2iz
                0x00003b58       0x40 c:/appz/nxp/mcuxpressoide_11.6.0_8187/ide/plugins/com.nxp.mcuxpresso.tools.win32_11.6.0.202112161359/tools/bin/../lib/gcc/arm-none-eabi/10.3.1/thumb/v8-m.main+fp/hard\libcr_eabihelpers.a(double.o)
                0x00003b58                __aeabi_d2iz
 .text.__aeabi_d2lz
                0x00003b98       0x74 c:/appz/nxp/mcuxpressoide_11.6.0_8187/ide/plugins/com.nxp.mcuxpresso.tools.win32_11.6.0.202112161359/tools/bin/../lib/gcc/arm-none-eabi/10.3.1/thumb/v8-m.main+fp/hard\libcr_eabihelpers.a(double.o)
                0x00003b98                __aeabi_d2lz
 .text.__bhs_ui2d
                0x00003c0c       0x46 c:/appz/nxp/mcuxpressoide_11.6.0_8187/ide/plugins/com.nxp.mcuxpresso.tools.win32_11.6.0.202112161359/tools/bin/../lib/gcc/arm-none-eabi/10.3.1/thumb/v8-m.main+fp/hard\libcr_eabihelpers.a(double.o)
                0x00003c0c                __bhs_ui2d
 .text.__bhs_ul2d
                0x00003c52       0x8a c:/appz/nxp/mcuxpressoide_11.6.0_8187/ide/plugins/com.nxp.mcuxpresso.tools.win32_11.6.0.202112161359/tools/bin/../lib/gcc/arm-none-eabi/10.3.1/thumb/v8-m.main+fp/hard\libcr_eabihelpers.a(double.o)
                0x00003c52                __bhs_ul2d
 .text.__aeabi_i2d
                0x00003cdc       0x12 c:/appz/nxp/mcuxpressoide_11.6.0_8187/ide/plugins/com.nxp.mcuxpresso.tools.win32_11.6.0.202112161359/tools/bin/../lib/gcc/arm-none-eabi/10.3.1/thumb/v8-m.main+fp/hard\libcr_eabihelpers.a(double.o)
                0x00003cdc                __aeabi_i2d
 .text.__aeabi_ui2d
                0x00003cee        0x8 c:/appz/nxp/mcuxpressoide_11.6.0_8187/ide/plugins/com.nxp.mcuxpresso.tools.win32_11.6.0.202112161359/tools/bin/../lib/gcc/arm-none-eabi/10.3.1/thumb/v8-m.main+fp/hard\libcr_eabihelpers.a(double.o)
                0x00003cee                __aeabi_ui2d
 .text.__aeabi_l2d
                0x00003cf6       0x1c c:/appz/nxp/mcuxpressoide_11.6.0_8187/ide/plugins/com.nxp.mcuxpresso.tools.win32_11.6.0.202112161359/tools/bin/../lib/gcc/arm-none-eabi/10.3.1/thumb/v8-m.main+fp/hard\libcr_eabihelpers.a(double.o)
                0x00003cf6                __aeabi_l2d
 .text.__aeabi_dcmpeq
                0x00003d12       0x30 c:/appz/nxp/mcuxpressoide_11.6.0_8187/ide/plugins/com.nxp.mcuxpresso.tools.win32_11.6.0.202112161359/tools/bin/../lib/gcc/arm-none-eabi/10.3.1/thumb/v8-m.main+fp/hard\libcr_eabihelpers.a(double.o)
                0x00003d12                __aeabi_dcmpeq
 .text.__aeabi_dcmplt
                0x00003d42       0x56 c:/appz/nxp/mcuxpressoide_11.6.0_8187/ide/plugins/com.nxp.mcuxpresso.tools.win32_11.6.0.202112161359/tools/bin/../lib/gcc/arm-none-eabi/10.3.1/thumb/v8-m.main+fp/hard\libcr_eabihelpers.a(double.o)
                0x00003d42                __aeabi_dcmplt
 .text.__aeabi_dcmpgt
                0x00003d98       0x56 c:/appz/nxp/mcuxpressoide_11.6.0_8187/ide/plugins/com.nxp.mcuxpresso.tools.win32_11.6.0.202112161359/tools/bin/../lib/gcc/arm-none-eabi/10.3.1/thumb/v8-m.main+fp/hard\libcr_eabihelpers.a(double.o)
                0x00003d98                __aeabi_dcmpgt
 .text.__aeabi_dcmple
                0x00003dee       0x56 c:/appz/nxp/mcuxpressoide_11.6.0_8187/ide/plugins/com.nxp.mcuxpresso.tools.win32_11.6.0.202112161359/tools/bin/../lib/gcc/arm-none-eabi/10.3.1/thumb/v8-m.main+fp/hard\libcr_eabihelpers.a(double.o)
                0x00003dee                __aeabi_dcmple
 .text.__aeabi_dcmpge
                0x00003e44       0x56 c:/appz/nxp/mcuxpressoide_11.6.0_8187/ide/plugins/com.nxp.mcuxpresso.tools.win32_11.6.0.202112161359/tools/bin/../lib/gcc/arm-none-eabi/10.3.1/thumb/v8-m.main+fp/hard\libcr_eabihelpers.a(double.o)
                0x00003e44                __aeabi_dcmpge
 .text.__aeabi_memset_lowlevel
                0x00003e9a       0x32 c:/appz/nxp/mcuxpressoide_11.6.0_8187/ide/plugins/com.nxp.mcuxpresso.tools.win32_11.6.0.202112161359/tools/bin/../lib/gcc/arm-none-eabi/10.3.1/thumb/v8-m.main+fp/hard\libcr_eabihelpers.a(memcpy.o)
                0x00003e9a                __aeabi_lowlevel_memset
 .text.__sys_close
                0x00003ecc        0x6 c:/appz/nxp/mcuxpressoide_11.6.0_8187/ide/plugins/com.nxp.mcuxpresso.tools.win32_11.6.0.202112161359/tools/bin/../lib/gcc/arm-none-eabi/10.3.1/../../../../arm-none-eabi/lib/thumb/v8-m.main+fp/hard\libcr_nohost_nf.a(__sys_close.o)
                0x00003ecc                __sys_close
 .text.__sys_flen
                0x00003ed2        0x6 c:/appz/nxp/mcuxpressoide_11.6.0_8187/ide/plugins/com.nxp.mcuxpresso.tools.win32_11.6.0.202112161359/tools/bin/../lib/gcc/arm-none-eabi/10.3.1/../../../../arm-none-eabi/lib/thumb/v8-m.main+fp/hard\libcr_nohost_nf.a(__sys_flen.o)
                0x00003ed2                __sys_flen
 .text.__sys_istty
                0x00003ed8        0x6 c:/appz/nxp/mcuxpressoide_11.6.0_8187/ide/plugins/com.nxp.mcuxpresso.tools.win32_11.6.0.202112161359/tools/bin/../lib/gcc/arm-none-eabi/10.3.1/../../../../arm-none-eabi/lib/thumb/v8-m.main+fp/hard\libcr_nohost_nf.a(__sys_istty.o)
                0x00003ed8                __sys_istty
 .text.__sys_remove
                0x00003ede        0x6 c:/appz/nxp/mcuxpressoide_11.6.0_8187/ide/plugins/com.nxp.mcuxpresso.tools.win32_11.6.0.202112161359/tools/bin/../lib/gcc/arm-none-eabi/10.3.1/../../../../arm-none-eabi/lib/thumb/v8-m.main+fp/hard\libcr_nohost_nf.a(__sys_remove.o)
                0x00003ede                __sys_remove
 .text.__sys_seek
                0x00003ee4        0x6 c:/appz/nxp/mcuxpressoide_11.6.0_8187/ide/plugins/com.nxp.mcuxpresso.tools.win32_11.6.0.202112161359/tools/bin/../lib/gcc/arm-none-eabi/10.3.1/../../../../arm-none-eabi/lib/thumb/v8-m.main+fp/hard\libcr_nohost_nf.a(__sys_seek.o)
                0x00003ee4                __sys_seek
 .text.__sys_tmpnam
                0x00003eea        0x6 c:/appz/nxp/mcuxpressoide_11.6.0_8187/ide/plugins/com.nxp.mcuxpresso.tools.win32_11.6.0.202112161359/tools/bin/../lib/gcc/arm-none-eabi/10.3.1/../../../../arm-none-eabi/lib/thumb/v8-m.main+fp/hard\libcr_nohost_nf.a(__sys_tmpnam.o)
                0x00003eea                __sys_tmpnam
 .text.__sys_write
                0x00003ef0        0x4 c:/appz/nxp/mcuxpressoide_11.6.0_8187/ide/plugins/com.nxp.mcuxpresso.tools.win32_11.6.0.202112161359/tools/bin/../lib/gcc/arm-none-eabi/10.3.1/../../../../arm-none-eabi/lib/thumb/v8-m.main+fp/hard\libcr_nohost_nf.a(__sys_write.o)
                0x00003ef0                __sys_write
 *(SORT_BY_ALIGNMENT(.rodata) SORT_BY_ALIGNMENT(.rodata.*) SORT_BY_ALIGNMENT(.constdata) SORT_BY_ALIGNMENT(.constdata.*))
 *fill*         0x00003ef4        0x4 ff
 .rodata.a1.1   0x00003ef8       0x88 c:/appz/nxp/mcuxpressoide_11.6.0_8187/ide/plugins/com.nxp.mcuxpresso.tools.win32_11.6.0.202112161359/tools/bin/../lib/gcc/arm-none-eabi/10.3.1/../../../../arm-none-eabi/lib/thumb/v8-m.main+fp/hard\libcr_c.a(pow.o)
 .rodata.a2.0   0x00003f80       0x40 c:/appz/nxp/mcuxpressoide_11.6.0_8187/ide/plugins/com.nxp.mcuxpresso.tools.win32_11.6.0.202112161359/tools/bin/../lib/gcc/arm-none-eabi/10.3.1/../../../../arm-none-eabi/lib/thumb/v8-m.main+fp/hard\libcr_c.a(pow.o)
 .rodata.DbgConsole_SendDataReliable.str1.4
                0x00003fc0       0x4c ./utilities/fsl_debug_console.o
 .rodata.DbgConsole_ReadCharacter.str1.4
                0x0000400c       0x1d ./utilities/fsl_debug_console.o
 *fill*         0x00004029        0x3 ff
 .rodata.DbgConsole_Init.str1.4
                0x0000402c       0xca ./utilities/fsl_debug_console.o
 *fill*         0x000040f6        0x2 ff
 .rodata.main.str1.4
                0x000040f8        0xf ./source/hello_world.o
 *fill*         0x00004107        0x1 ff
 .rodata.s_ctimerBases
                0x00004108       0x14 ./drivers/fsl_ctimer.o
 .rodata.s_ctimerClocks
                0x0000411c        0xa ./drivers/fsl_ctimer.o
 *fill*         0x00004126        0x2 ff
 .rodata.s_ctimerResets
                0x00004128       0x14 ./drivers/fsl_ctimer.o
 .rodata.s_ctimerIRQ
                0x0000413c        0x5 ./drivers/fsl_ctimer.o
 *fill*         0x00004141        0x3 ff
 .rodata.CTIMER_GetInstance.str1.4
                0x00004144       0x2e ./drivers/fsl_ctimer.o
 *fill*         0x00004172        0x2 ff
 .rodata.CTIMER_Init.str1.4
                0x00004174       0x19 ./drivers/fsl_ctimer.o
 *fill*         0x0000418d        0x3 ff
 .rodata.s_flexcommBaseAddrs
                0x00004190       0x24 ./drivers/fsl_flexcomm.o
 .rodata.s_flexcommClocks
                0x000041b4       0x12 ./drivers/fsl_flexcomm.o
 *fill*         0x000041c6        0x2 ff
 .rodata.s_flexcommResets
                0x000041c8       0x24 ./drivers/fsl_flexcomm.o
 .rodata.FLEXCOMM_GetInstance.str1.4
                0x000041ec       0x1a ./drivers/fsl_flexcomm.o
 *fill*         0x00004206        0x2 ff
 .rodata.FLEXCOMM0_DriverIRQHandler.str1.4
                0x00004208       0x2d ./drivers/fsl_flexcomm.o
 *fill*         0x00004235        0x3 ff
 .rodata.FLEXCOMM1_DriverIRQHandler.str1.4
                0x00004238       0x2d ./drivers/fsl_flexcomm.o
 *fill*         0x00004265        0x3 ff
 .rodata.FLEXCOMM2_DriverIRQHandler.str1.4
                0x00004268       0x2d ./drivers/fsl_flexcomm.o
 *fill*         0x00004295        0x3 ff
 .rodata.FLEXCOMM3_DriverIRQHandler.str1.4
                0x00004298       0x2d ./drivers/fsl_flexcomm.o
 *fill*         0x000042c5        0x3 ff
 .rodata.FLEXCOMM4_DriverIRQHandler.str1.4
                0x000042c8       0x2d ./drivers/fsl_flexcomm.o
 *fill*         0x000042f5        0x3 ff
 .rodata.FLEXCOMM5_DriverIRQHandler.str1.4
                0x000042f8       0x2d ./drivers/fsl_flexcomm.o
 *fill*         0x00004325        0x3 ff
 .rodata.FLEXCOMM6_DriverIRQHandler.str1.4
                0x00004328       0x2d ./drivers/fsl_flexcomm.o
 *fill*         0x00004355        0x3 ff
 .rodata.FLEXCOMM7_DriverIRQHandler.str1.4
                0x00004358       0x2d ./drivers/fsl_flexcomm.o
 *fill*         0x00004385        0x3 ff
 .rodata.FLEXCOMM8_DriverIRQHandler.str1.4
                0x00004388       0x2d ./drivers/fsl_flexcomm.o
 *fill*         0x000043b5        0x3 ff
 .rodata.RESET_SetPeripheralReset.str1.4
                0x000043b8       0x1e ./drivers/fsl_reset.o
 *fill*         0x000043d6        0x2 ff
 .rodata.RESET_ClearPeripheralReset.str1.4
                0x000043d8       0x1e ./drivers/fsl_reset.o
 *fill*         0x000043f6        0x2 ff
 .rodata.USART_Init.str1.4
                0x000043f8       0x4e ./drivers/fsl_usart.o
 *fill*         0x00004446        0x2 ff
 .rodata.USART_GetDefaultConfig.str1.4
                0x00004448       0x21 ./drivers/fsl_usart.o
 *fill*         0x00004469        0x3 ff
 .rodata.USART_SetBaudRate.str1.4
                0x0000446c       0x51 ./drivers/fsl_usart.o
 *fill*         0x000044bd        0x3 ff
 .rodata.USART_WriteBlocking.str1.4
                0x000044c0       0x36 ./drivers/fsl_usart.o
 *fill*         0x000044f6        0x2 ff
 .rodata.USART_ReadBlocking.str1.4
                0x000044f8       0x36 ./drivers/fsl_usart.o
 *fill*         0x0000452e        0x2 ff
 .rodata.s_UsartAdapterBase
                0x00004530       0x20 ./component/uart/usart_adapter.o
 .rodata.HAL_UartInit.str1.4
                0x00004550       0xdb ./component/uart/usart_adapter.o
 *fill*         0x0000462b        0x1 ff
 .rodata.HAL_UartReceiveBlocking.str1.4
                0x0000462c       0x59 ./component/uart/usart_adapter.o
 *fill*         0x00004685        0x3 ff
 .rodata.HAL_UartSendBlocking.str1.4
                0x00004688       0x59 ./component/uart/usart_adapter.o
 *fill*         0x000046e1        0x3 ff
 .rodata.SerialManager_Write.str1.4
                0x000046e4       0x82 ./component/serial_manager/serial_manager.o
 *fill*         0x00004766        0x2 ff
 .rodata.SerialManager_Read.str1.4
                0x00004768       0x82 ./component/serial_manager/serial_manager.o
 *fill*         0x000047ea        0x2 ff
 .rodata.SerialManager_Init.str1.4
                0x000047ec       0x44 ./component/serial_manager/serial_manager.o
 .rodata.SerialManager_OpenWriteHandle.str1.4
                0x00004830       0x47 ./component/serial_manager/serial_manager.o
 *fill*         0x00004877        0x1 ff
 .rodata.SerialManager_OpenReadHandle.str1.4
                0x00004878       0x4b ./component/serial_manager/serial_manager.o
 *fill*         0x000048c3        0x1 ff
 .rodata.Serial_UartInit.str1.4
                0x000048c4       0x4e ./component/serial_manager/serial_port_uart.o
 *fill*         0x00004912        0x2 ff
 .rodata.Serial_UartWrite.str1.4
                0x00004914       0x68 ./component/serial_manager/serial_port_uart.o
 .rodata.Serial_UartRead.str1.4
                0x0000497c       0x68 ./component/serial_manager/serial_port_uart.o
 .rodata.CTIMER0_config
                0x000049e4        0x8 ./board/peripherals.o
                0x000049e4                CTIMER0_config
 .rodata.CTIMER0_Match_0_config
                0x000049ec        0xc ./board/peripherals.o
                0x000049ec                CTIMER0_Match_0_config
 .rodata.CTIMER2_config
                0x000049f8        0x8 ./board/peripherals.o
                0x000049f8                CTIMER2_config
 .rodata.CTIMER2_Match_0_config
                0x00004a00        0xc ./board/peripherals.o
                0x00004a00                CTIMER2_Match_0_config
 .rodata.__num_Ciob_streams
                0x00004a0c        0x4 c:/appz/nxp/mcuxpressoide_11.6.0_8187/ide/plugins/com.nxp.mcuxpresso.tools.win32_11.6.0.202112161359/tools/bin/../lib/gcc/arm-none-eabi/10.3.1/../../../../arm-none-eabi/lib/thumb/v8-m.main+fp/hard\libcr_nohost_nf.a(__ciob.o)
                0x00004a0c                __num_Ciob_streams
 .rodata.__assertion_failed.str1.1
                0x00004a10       0x15 c:/appz/nxp/mcuxpressoide_11.6.0_8187/ide/plugins/com.nxp.mcuxpresso.tools.win32_11.6.0.202112161359/tools/bin/../lib/gcc/arm-none-eabi/10.3.1/../../../../arm-none-eabi/lib/thumb/v8-m.main+fp/hard\libcr_nohost_nf.a(_cr_assert.o)
 .rodata._Csys_alloc.str1.1
                0x00004a25       0x18 c:/appz/nxp/mcuxpressoide_11.6.0_8187/ide/plugins/com.nxp.mcuxpresso.tools.win32_11.6.0.202112161359/tools/bin/../lib/gcc/arm-none-eabi/10.3.1/../../../../arm-none-eabi/lib/thumb/v8-m.main+fp/hard\libcr_c.a(alloc.o)
 .rodata._initio.str1.1
                0x00004a3d        0x4 c:/appz/nxp/mcuxpressoide_11.6.0_8187/ide/plugins/com.nxp.mcuxpresso.tools.win32_11.6.0.202112161359/tools/bin/../lib/gcc/arm-none-eabi/10.3.1/../../../../arm-none-eabi/lib/thumb/v8-m.main+fp/hard\libcr_c.a(initio.o)
                0x00004a44                . = ALIGN (0x4)
 *fill*         0x00004a41        0x3 ff
                0x00004a44                _etext = .

.glue_7         0x00004a44        0x0
 .glue_7        0x00004a44        0x0 linker stubs

.glue_7t        0x00004a44        0x0
 .glue_7t       0x00004a44        0x0 linker stubs

.vfp11_veneer   0x00004a44        0x0
 .vfp11_veneer  0x00004a44        0x0 linker stubs

.v4_bx          0x00004a44        0x0
 .v4_bx         0x00004a44        0x0 linker stubs

.iplt           0x00004a44        0x0
 .iplt          0x00004a44        0x0 ./utilities/fsl_debug_console.o

.rel.dyn        0x00004a44        0x0
 .rel.iplt      0x00004a44        0x0 ./utilities/fsl_debug_console.o

.m_usb_data
 *(SORT_BY_ALIGNMENT(m_usb_global))

.data_RAM2      0x04000000        0x0 load address 0x00004a44
 FILL mask 0xff
                [!provide]                PROVIDE (__start_data_RAM2 = .)
                [!provide]                PROVIDE (__start_data_SRAMX = .)
 *(SORT_BY_ALIGNMENT(.ramfunc.$RAM2))
 *(SORT_BY_ALIGNMENT(.ramfunc.$SRAMX))
 *(SORT_BY_ALIGNMENT(.data.$RAM2))
 *(SORT_BY_ALIGNMENT(.data.$SRAMX))
 *(SORT_BY_ALIGNMENT(.data.$RAM2.*))
 *(SORT_BY_ALIGNMENT(.data.$SRAMX.*))
                0x04000000                . = ALIGN (0x4)
                [!provide]                PROVIDE (__end_data_RAM2 = .)
                [!provide]                PROVIDE (__end_data_SRAMX = .)

.data_RAM3      0x40100000        0x0 load address 0x00004a44
 FILL mask 0xff
                [!provide]                PROVIDE (__start_data_RAM3 = .)
                [!provide]                PROVIDE (__start_data_USB_RAM = .)
 *(SORT_BY_ALIGNMENT(.ramfunc.$RAM3))
 *(SORT_BY_ALIGNMENT(.ramfunc.$USB_RAM))
 *(SORT_BY_ALIGNMENT(.data.$RAM3))
 *(SORT_BY_ALIGNMENT(.data.$USB_RAM))
 *(SORT_BY_ALIGNMENT(.data.$RAM3.*))
 *(SORT_BY_ALIGNMENT(.data.$USB_RAM.*))
                0x40100000                . = ALIGN (0x4)
                [!provide]                PROVIDE (__end_data_RAM3 = .)
                [!provide]                PROVIDE (__end_data_USB_RAM = .)

.uninit_RESERVED
                0x20000000        0x0
                0x20000000                _start_uninit_RESERVED = .
 *(SORT_BY_ALIGNMENT(.bss.$RESERVED*))
                0x20000000                . = ALIGN (0x4)
                0x20000000                _end_uninit_RESERVED = .

.data           0x20000000        0x8 load address 0x00004a44
 FILL mask 0xff
                0x20000000                _data = .
                [!provide]                PROVIDE (__start_data_RAM = .)
                [!provide]                PROVIDE (__start_data_SRAM = .)
 *(SORT_BY_ALIGNMENT(vtable))
 *(SORT_BY_ALIGNMENT(.ramfunc*))
 *(SORT_BY_ALIGNMENT(CodeQuickAccess))
 *(SORT_BY_ALIGNMENT(DataQuickAccess))
 *(SORT_BY_ALIGNMENT(RamFunction))
 *(SORT_BY_ALIGNMENT(.data*))
 .data.SystemCoreClock
                0x20000000        0x4 ./device/system_LPC55S69_cm33_core0.o
                0x20000000                SystemCoreClock
 .data.CTIMER0_callback
                0x20000004        0x4 ./board/peripherals.o
                0x20000004                CTIMER0_callback
                0x20000008                . = ALIGN (0x4)
                0x20000008                _edata = .
                [!provide]                PROVIDE (__end_data_RAM = .)
                [!provide]                PROVIDE (__end_data_SRAM = .)

.igot.plt       0x20000008        0x0 load address 0x00004a4c
 .igot.plt      0x20000008        0x0 ./utilities/fsl_debug_console.o

.bss_RAM2       0x04000000        0x0
                [!provide]                PROVIDE (__start_bss_RAM2 = .)
                [!provide]                PROVIDE (__start_bss_SRAMX = .)
 *(SORT_BY_ALIGNMENT(.bss.$RAM2))
 *(SORT_BY_ALIGNMENT(.bss.$SRAMX))
 *(SORT_BY_ALIGNMENT(.bss.$RAM2.*))
 *(SORT_BY_ALIGNMENT(.bss.$SRAMX.*))
                0x04000000                . = ALIGN ((. != 0x0)?0x4:0x1)
                [!provide]                PROVIDE (__end_bss_RAM2 = .)
                [!provide]                PROVIDE (__end_bss_SRAMX = .)

.bss_RAM3       0x40100000        0x0
                [!provide]                PROVIDE (__start_bss_RAM3 = .)
                [!provide]                PROVIDE (__start_bss_USB_RAM = .)
 *(SORT_BY_ALIGNMENT(.bss.$RAM3))
 *(SORT_BY_ALIGNMENT(.bss.$USB_RAM))
 *(SORT_BY_ALIGNMENT(.bss.$RAM3.*))
 *(SORT_BY_ALIGNMENT(.bss.$USB_RAM.*))
                0x40100000                . = ALIGN ((. != 0x0)?0x4:0x1)
                [!provide]                PROVIDE (__end_bss_RAM3 = .)
                [!provide]                PROVIDE (__end_bss_USB_RAM = .)

.bss            0x20000008      0x144
                0x20000008                _bss = .
                [!provide]                PROVIDE (__start_bss_RAM = .)
                [!provide]                PROVIDE (__start_bss_SRAM = .)
 *(SORT_BY_ALIGNMENT(.bss*))
 .bss.s_debugConsoleState
                0x20000008       0x1c ./utilities/fsl_debug_console.o
 .bss.g_serialHandle
                0x20000024        0x4 ./utilities/fsl_debug_console.o
                0x20000024                g_serialHandle
 .bss.s_ctimerCallback
                0x20000028       0x14 ./drivers/fsl_ctimer.o
 .bss.ctimerCallbackType
                0x2000003c        0x5 ./drivers/fsl_ctimer.o
 *fill*         0x20000041        0x3 
 .bss.s_flexcommIrqHandler
                0x20000044       0x24 ./drivers/fsl_flexcomm.o
 .bss.s_flexcommHandle
                0x20000068       0x24 ./drivers/fsl_flexcomm.o
 .bss.__Ciob    0x2000008c       0xb4 c:/appz/nxp/mcuxpressoide_11.6.0_8187/ide/plugins/com.nxp.mcuxpresso.tools.win32_11.6.0.202112161359/tools/bin/../lib/gcc/arm-none-eabi/10.3.1/../../../../arm-none-eabi/lib/thumb/v8-m.main+fp/hard\libcr_nohost_nf.a(__ciob.o)
                0x2000008c                __Ciob
 .bss.__end_of_heap
                0x20000140        0x4 c:/appz/nxp/mcuxpressoide_11.6.0_8187/ide/plugins/com.nxp.mcuxpresso.tools.win32_11.6.0.202112161359/tools/bin/../lib/gcc/arm-none-eabi/10.3.1/../../../../arm-none-eabi/lib/thumb/v8-m.main+fp/hard\libcr_c.a(__init_alloc.o)
                0x20000140                __end_of_heap
 .bss.__heaps   0x20000144        0x4 c:/appz/nxp/mcuxpressoide_11.6.0_8187/ide/plugins/com.nxp.mcuxpresso.tools.win32_11.6.0.202112161359/tools/bin/../lib/gcc/arm-none-eabi/10.3.1/../../../../arm-none-eabi/lib/thumb/v8-m.main+fp/hard\libcr_c.a(__init_alloc.o)
                0x20000144                __heaps
 .bss.errno     0x20000148        0x4 c:/appz/nxp/mcuxpressoide_11.6.0_8187/ide/plugins/com.nxp.mcuxpresso.tools.win32_11.6.0.202112161359/tools/bin/../lib/gcc/arm-none-eabi/10.3.1/../../../../arm-none-eabi/lib/thumb/v8-m.main+fp/hard\libcr_c.a(errno.o)
                0x20000148                errno
 *(SORT_BY_ALIGNMENT(COMMON))
                0x2000014c                . = ALIGN (0x4)
                0x2000014c                _ebss = .
                [!provide]                PROVIDE (__end_bss_RAM = .)
                [!provide]                PROVIDE (__end_bss_SRAM = .)
                [!provide]                PROVIDE (end = .)

.noinit_RAM2    0x04000000        0x0
                [!provide]                PROVIDE (__start_noinit_RAM2 = .)
                [!provide]                PROVIDE (__start_noinit_SRAMX = .)
 *(SORT_BY_ALIGNMENT(.noinit.$RAM2))
 *(SORT_BY_ALIGNMENT(.noinit.$SRAMX))
 *(SORT_BY_ALIGNMENT(.noinit.$RAM2.*))
 *(SORT_BY_ALIGNMENT(.noinit.$SRAMX.*))
                0x04000000                . = ALIGN (0x4)
                [!provide]                PROVIDE (__end_noinit_RAM2 = .)
                [!provide]                PROVIDE (__end_noinit_SRAMX = .)

.noinit_RAM3    0x40100000        0x0
                [!provide]                PROVIDE (__start_noinit_RAM3 = .)
                [!provide]                PROVIDE (__start_noinit_USB_RAM = .)
 *(SORT_BY_ALIGNMENT(.noinit.$RAM3))
 *(SORT_BY_ALIGNMENT(.noinit.$USB_RAM))
 *(SORT_BY_ALIGNMENT(.noinit.$RAM3.*))
 *(SORT_BY_ALIGNMENT(.noinit.$USB_RAM.*))
                0x40100000                . = ALIGN (0x4)
                [!provide]                PROVIDE (__end_noinit_RAM3 = .)
                [!provide]                PROVIDE (__end_noinit_USB_RAM = .)

.noinit         0x2000014c        0x0
                0x2000014c                _noinit = .
                [!provide]                PROVIDE (__start_noinit_RAM = .)
                [!provide]                PROVIDE (__start_noinit_SRAM = .)
 *(SORT_BY_ALIGNMENT(.noinit*))
                0x2000014c                . = ALIGN (0x4)
                0x2000014c                _end_noinit = .
                [!provide]                PROVIDE (__end_noinit_RAM = .)
                [!provide]                PROVIDE (__end_noinit_SRAM = .)

.ARM.extab
 *(SORT_BY_ALIGNMENT(.ARM.extab*) SORT_BY_ALIGNMENT(.gnu.linkonce.armextab.*))

.ARM.exidx      0x00004a4c        0x0
                0x00004a4c                __exidx_start = .
 *(SORT_BY_ALIGNMENT(.ARM.exidx*) SORT_BY_ALIGNMENT(.gnu.linkonce.armexidx.*))
                0x00004a4c                __exidx_end = .
                0x00001000                _HeapSize = 0x1000

.heap           0x2000014c     0x1000
                0x2000014c                _pvHeapStart = .
                0x2000114c                . = (. + _HeapSize)
 *fill*         0x2000014c     0x1000 
                0x2000114c                . = ALIGN (0x4)
                0x2000114c                _pvHeapLimit = .
                0x00001000                _StackSize = 0x1000

.heap2stackfill
                0x2000114c     0x1000
                0x2000214c                . = (. + _StackSize)
 *fill*         0x2000114c     0x1000 

.stack          0x20043000        0x0
                0x20043000                _vStackBase = .
                0x20043000                . = ALIGN (0x4)
                0x20044000                _vStackTop = (. + _StackSize)
                0xdffb835c                PROVIDE (__valid_user_code_checksum = (0x0 - ((((((_vStackTop + (ResetISR + 0x1)) + (NMI_Handler + 0x1)) + (HardFault_Handler + 0x1)) + (DEFINED (MemManage_Handler)?MemManage_Handler:0x0 + 0x1)) + (DEFINED (BusFault_Handler)?BusFault_Handler:0x0 + 0x1)) + (DEFINED (UsageFault_Handler)?UsageFault_Handler:0x0 + 0x1))))
                0x00000000                _image_start = LOADADDR (.text)
                0x00004a4c                _image_end = (LOADADDR (.data) + SIZEOF (.data))
                0x00004a4c                _image_size = (_image_end - _image_start)
OUTPUT(lpcxpresso55s69_hello_world.axf elf32-littlearm)
LOAD linker stubs

.debug_info     0x00000000    0x153ba
 .debug_info    0x00000000      0xa79 ./utilities/fsl_debug_console.o
 .debug_info    0x00000a79      0x620 ./utilities/fsl_str.o
 .debug_info    0x00001099      0x6f4 ./startup/startup_lpc55s69_cm33_core0.o
 .debug_info    0x0000178d      0x70b ./source/hello_world.o
 .debug_info    0x00001e98       0x3c ./source/semihost_hardfault.o
 .debug_info    0x00001ed4     0x392c ./drivers/fsl_clock.o
 .debug_info    0x00005800     0x2385 ./drivers/fsl_ctimer.o
 .debug_info    0x00007b85     0x1bab ./drivers/fsl_flexcomm.o
 .debug_info    0x00009730     0x1069 ./drivers/fsl_reset.o
 .debug_info    0x0000a799     0x15e0 ./drivers/fsl_usart.o
 .debug_info    0x0000bd79     0x1692 ./device/system_LPC55S69_cm33_core0.o
 .debug_info    0x0000d40b      0xb62 ./component/uart/usart_adapter.o
 .debug_info    0x0000df6d      0x6ed ./component/serial_manager/serial_manager.o
 .debug_info    0x0000e65a      0x484 ./component/serial_manager/serial_port_uart.o
 .debug_info    0x0000eade      0x81f ./board/board.o
 .debug_info    0x0000f2fd     0x1802 ./board/clock_config.o
 .debug_info    0x00010aff      0x79b ./board/peripherals.o
 .debug_info    0x0001129a     0x1133 ./board/pin_mux.o
 .debug_info    0x000123cd     0x2fed C:\Temp\xcerny76\NXP\cv8\lpcxpresso55s69_hello_world\libs\libpower_hardabi.a(fsl_power_lib.o)

.debug_abbrev   0x00000000     0x24f9
 .debug_abbrev  0x00000000      0x1ee ./utilities/fsl_debug_console.o
 .debug_abbrev  0x000001ee      0x196 ./utilities/fsl_str.o
 .debug_abbrev  0x00000384      0x165 ./startup/startup_lpc55s69_cm33_core0.o
 .debug_abbrev  0x000004e9      0x15c ./source/hello_world.o
 .debug_abbrev  0x00000645       0x31 ./source/semihost_hardfault.o
 .debug_abbrev  0x00000676      0x374 ./drivers/fsl_clock.o
 .debug_abbrev  0x000009ea      0x34a ./drivers/fsl_ctimer.o
 .debug_abbrev  0x00000d34      0x2a9 ./drivers/fsl_flexcomm.o
 .debug_abbrev  0x00000fdd      0x15a ./drivers/fsl_reset.o
 .debug_abbrev  0x00001137      0x347 ./drivers/fsl_usart.o
 .debug_abbrev  0x0000147e      0x1e7 ./device/system_LPC55S69_cm33_core0.o
 .debug_abbrev  0x00001665      0x1cf ./component/uart/usart_adapter.o
 .debug_abbrev  0x00001834      0x144 ./component/serial_manager/serial_manager.o
 .debug_abbrev  0x00001978      0x127 ./component/serial_manager/serial_port_uart.o
 .debug_abbrev  0x00001a9f       0xd1 ./board/board.o
 .debug_abbrev  0x00001b70      0x1bd ./board/clock_config.o
 .debug_abbrev  0x00001d2d      0x1b2 ./board/peripherals.o
 .debug_abbrev  0x00001edf      0x1d9 ./board/pin_mux.o
 .debug_abbrev  0x000020b8      0x441 C:\Temp\xcerny76\NXP\cv8\lpcxpresso55s69_hello_world\libs\libpower_hardabi.a(fsl_power_lib.o)

.debug_aranges  0x00000000      0xae8
 .debug_aranges
                0x00000000       0x80 ./utilities/fsl_debug_console.o
 .debug_aranges
                0x00000080       0x40 ./utilities/fsl_str.o
 .debug_aranges
                0x000000c0      0x260 ./startup/startup_lpc55s69_cm33_core0.o
 .debug_aranges
                0x00000320       0x30 ./source/hello_world.o
 .debug_aranges
                0x00000350       0x20 ./source/semihost_hardfault.o
 .debug_aranges
                0x00000370      0x218 ./drivers/fsl_clock.o
 .debug_aranges
                0x00000588       0xd8 ./drivers/fsl_ctimer.o
 .debug_aranges
                0x00000660       0x90 ./drivers/fsl_flexcomm.o
 .debug_aranges
                0x000006f0       0x30 ./drivers/fsl_reset.o
 .debug_aranges
                0x00000720       0xe0 ./drivers/fsl_usart.o
 .debug_aranges
                0x00000800       0x88 ./device/system_LPC55S69_cm33_core0.o
 .debug_aranges
                0x00000888       0x40 ./component/uart/usart_adapter.o
 .debug_aranges
                0x000008c8       0x88 ./component/serial_manager/serial_manager.o
 .debug_aranges
                0x00000950       0x38 ./component/serial_manager/serial_port_uart.o
 .debug_aranges
                0x00000988       0x28 ./board/board.o
 .debug_aranges
                0x000009b0       0x40 ./board/clock_config.o
 .debug_aranges
                0x000009f0       0x40 ./board/peripherals.o
 .debug_aranges
                0x00000a30       0x38 ./board/pin_mux.o
 .debug_aranges
                0x00000a68       0x80 C:\Temp\xcerny76\NXP\cv8\lpcxpresso55s69_hello_world\libs\libpower_hardabi.a(fsl_power_lib.o)

.debug_ranges   0x00000000      0xa58
 .debug_ranges  0x00000000       0x70 ./utilities/fsl_debug_console.o
 .debug_ranges  0x00000070       0x30 ./utilities/fsl_str.o
 .debug_ranges  0x000000a0      0x250 ./startup/startup_lpc55s69_cm33_core0.o
 .debug_ranges  0x000002f0       0x20 ./source/hello_world.o
 .debug_ranges  0x00000310       0x10 ./source/semihost_hardfault.o
 .debug_ranges  0x00000320      0x208 ./drivers/fsl_clock.o
 .debug_ranges  0x00000528       0xc8 ./drivers/fsl_ctimer.o
 .debug_ranges  0x000005f0       0x80 ./drivers/fsl_flexcomm.o
 .debug_ranges  0x00000670       0x20 ./drivers/fsl_reset.o
 .debug_ranges  0x00000690       0xd0 ./drivers/fsl_usart.o
 .debug_ranges  0x00000760       0x78 ./device/system_LPC55S69_cm33_core0.o
 .debug_ranges  0x000007d8       0x30 ./component/uart/usart_adapter.o
 .debug_ranges  0x00000808       0x78 ./component/serial_manager/serial_manager.o
 .debug_ranges  0x00000880       0x28 ./component/serial_manager/serial_port_uart.o
 .debug_ranges  0x000008a8       0x18 ./board/board.o
 .debug_ranges  0x000008c0       0x30 ./board/clock_config.o
 .debug_ranges  0x000008f0       0x30 ./board/peripherals.o
 .debug_ranges  0x00000920       0x28 ./board/pin_mux.o
 .debug_ranges  0x00000948      0x110 C:\Temp\xcerny76\NXP\cv8\lpcxpresso55s69_hello_world\libs\libpower_hardabi.a(fsl_power_lib.o)

.debug_macro    0x00000000     0x234e
 .debug_macro   0x00000000      0x196 ./utilities/fsl_debug_console.o
 .debug_macro   0x00000196       0x16 ./utilities/fsl_debug_console.o
 .debug_macro   0x000001ac       0x10 ./utilities/fsl_debug_console.o
 .debug_macro   0x000001bc       0x28 ./utilities/fsl_debug_console.o
 .debug_macro   0x000001e4       0x56 ./utilities/fsl_debug_console.o
 .debug_macro   0x0000023a       0x34 ./utilities/fsl_debug_console.o
 .debug_macro   0x0000026e      0x13d ./utilities/fsl_str.o
 .debug_macro   0x000003ab       0xc4 ./utilities/fsl_str.o
 .debug_macro   0x0000046f       0x1c ./utilities/fsl_str.o
 .debug_macro   0x0000048b       0x29 ./startup/startup_lpc55s69_cm33_core0.o
 .debug_macro   0x000004b4      0x19b ./source/hello_world.o
 .debug_macro   0x0000064f       0x28 ./source/hello_world.o
 .debug_macro   0x00000677       0x10 ./source/hello_world.o
 .debug_macro   0x00000687       0xf6 ./source/hello_world.o
 .debug_macro   0x0000077d      0x255 ./source/hello_world.o
 .debug_macro   0x000009d2       0x46 ./source/hello_world.o
 .debug_macro   0x00000a18       0x10 ./source/hello_world.o
 .debug_macro   0x00000a28       0x3a ./source/hello_world.o
 .debug_macro   0x00000a62       0x11 ./source/semihost_hardfault.o
 .debug_macro   0x00000a73      0x1bd ./drivers/fsl_clock.o
 .debug_macro   0x00000c30      0x41f ./drivers/fsl_clock.o
 .debug_macro   0x0000104f      0x12e ./drivers/fsl_ctimer.o
 .debug_macro   0x0000117d      0x127 ./drivers/fsl_flexcomm.o
 .debug_macro   0x000012a4       0x10 ./drivers/fsl_flexcomm.o
 .debug_macro   0x000012b4      0x11e ./drivers/fsl_reset.o
 .debug_macro   0x000013d2      0x136 ./drivers/fsl_usart.o
 .debug_macro   0x00001508       0x16 ./drivers/fsl_usart.o
 .debug_macro   0x0000151e       0xc1 ./device/system_LPC55S69_cm33_core0.o
 .debug_macro   0x000015df      0x133 ./component/uart/usart_adapter.o
 .debug_macro   0x00001712       0x1c ./component/uart/usart_adapter.o
 .debug_macro   0x0000172e       0x22 ./component/uart/usart_adapter.o
 .debug_macro   0x00001750      0x151 ./component/serial_manager/serial_manager.o
 .debug_macro   0x000018a1      0x142 ./component/serial_manager/serial_port_uart.o
 .debug_macro   0x000019e3       0x22 ./component/serial_manager/serial_port_uart.o
 .debug_macro   0x00001a05      0x172 ./board/board.o
 .debug_macro   0x00001b77      0x13e ./board/clock_config.o
 .debug_macro   0x00001cb5      0x419 ./board/clock_config.o
 .debug_macro   0x000020ce       0x22 ./board/clock_config.o
 .debug_macro   0x000020f0      0x134 ./board/peripherals.o
 .debug_macro   0x00002224      0x12a ./board/pin_mux.o

.debug_line     0x00000000     0x82e6
 .debug_line    0x00000000      0x733 ./utilities/fsl_debug_console.o
 .debug_line    0x00000733      0xb61 ./utilities/fsl_str.o
 .debug_line    0x00001294      0x6ad ./startup/startup_lpc55s69_cm33_core0.o
 .debug_line    0x00001941      0x523 ./source/hello_world.o
 .debug_line    0x00001e64       0x59 ./source/semihost_hardfault.o
 .debug_line    0x00001ebd     0x1781 ./drivers/fsl_clock.o
 .debug_line    0x0000363e      0x862 ./drivers/fsl_ctimer.o
 .debug_line    0x00003ea0      0x5e4 ./drivers/fsl_flexcomm.o
 .debug_line    0x00004484      0x3ba ./drivers/fsl_reset.o
 .debug_line    0x0000483e      0xd60 ./drivers/fsl_usart.o
 .debug_line    0x0000559e      0x6cb ./device/system_LPC55S69_cm33_core0.o
 .debug_line    0x00005c69      0x4cb ./component/uart/usart_adapter.o
 .debug_line    0x00006134      0x695 ./component/serial_manager/serial_manager.o
 .debug_line    0x000067c9      0x500 ./component/serial_manager/serial_port_uart.o
 .debug_line    0x00006cc9      0x48a ./board/board.o
 .debug_line    0x00007153      0x426 ./board/clock_config.o
 .debug_line    0x00007579      0x3f3 ./board/peripherals.o
 .debug_line    0x0000796c      0x40b ./board/pin_mux.o
 .debug_line    0x00007d77      0x56f C:\Temp\xcerny76\NXP\cv8\lpcxpresso55s69_hello_world\libs\libpower_hardabi.a(fsl_power_lib.o)

.debug_str      0x00000000    0xcdae6
 .debug_str     0x00000000    0xc2c19 ./utilities/fsl_debug_console.o
                              0xc2d65 (size before relaxing)
 .debug_str     0x000c2c19      0x702 ./utilities/fsl_str.o
                              0xc1f30 (size before relaxing)
 .debug_str     0x000c331b      0x677 ./startup/startup_lpc55s69_cm33_core0.o
                               0x34af (size before relaxing)
 .debug_str     0x000c3992     0x2817 ./source/hello_world.o
                              0xc415a (size before relaxing)
 .debug_str     0x000c61a9       0x1f ./source/semihost_hardfault.o
                               0x2e04 (size before relaxing)
 .debug_str     0x000c61c8     0x40bd ./drivers/fsl_clock.o
                              0xc6e64 (size before relaxing)
 .debug_str     0x000ca285     0x109c ./drivers/fsl_ctimer.o
                              0xc4044 (size before relaxing)
 .debug_str     0x000cb321      0x322 ./drivers/fsl_flexcomm.o
                              0xc3b70 (size before relaxing)
 .debug_str     0x000cb643       0xae ./drivers/fsl_reset.o
                              0xc24dd (size before relaxing)
 .debug_str     0x000cb6f1      0xba2 ./drivers/fsl_usart.o
                              0xc3219 (size before relaxing)
 .debug_str     0x000cc293      0x23a ./device/system_LPC55S69_cm33_core0.o
                              0xc03c2 (size before relaxing)
 .debug_str     0x000cc4cd      0x33f ./component/uart/usart_adapter.o
                              0xc295f (size before relaxing)
 .debug_str     0x000cc80c      0x388 ./component/serial_manager/serial_manager.o
                              0xc1dc7 (size before relaxing)
 .debug_str     0x000ccb94       0xfc ./component/serial_manager/serial_port_uart.o
                              0xc1e75 (size before relaxing)
 .debug_str     0x000ccc90       0x54 ./board/board.o
                              0xc454b (size before relaxing)
 .debug_str     0x000ccce4       0x7c ./board/clock_config.o
                              0xc4aa0 (size before relaxing)
 .debug_str     0x000ccd60       0xbe ./board/peripherals.o
                              0xc2462 (size before relaxing)
 .debug_str     0x000cce1e       0x92 ./board/pin_mux.o
                              0xc2acf (size before relaxing)
 .debug_str     0x000cceb0      0xc36 C:\Temp\xcerny76\NXP\cv8\lpcxpresso55s69_hello_world\libs\libpower_hardabi.a(fsl_power_lib.o)
                               0x392f (size before relaxing)

.comment        0x00000000       0xc8
 .comment       0x00000000       0x49 ./utilities/fsl_debug_console.o
                                 0x4a (size before relaxing)
 .comment       0x00000049       0x4a ./utilities/fsl_str.o
 .comment       0x00000049       0x4a ./startup/startup_lpc55s69_cm33_core0.o
 .comment       0x00000049       0x4a ./source/hello_world.o
 .comment       0x00000049       0x4a ./source/semihost_hardfault.o
 .comment       0x00000049       0x4a ./drivers/fsl_clock.o
 .comment       0x00000049       0x4a ./drivers/fsl_ctimer.o
 .comment       0x00000049       0x4a ./drivers/fsl_flexcomm.o
 .comment       0x00000049       0x4a ./drivers/fsl_reset.o
 .comment       0x00000049       0x4a ./drivers/fsl_usart.o
 .comment       0x00000049       0x4a ./device/system_LPC55S69_cm33_core0.o
 .comment       0x00000049       0x4a ./component/uart/usart_adapter.o
 .comment       0x00000049       0x4a ./component/serial_manager/serial_manager.o
 .comment       0x00000049       0x4a ./component/serial_manager/serial_port_uart.o
 .comment       0x00000049       0x4a ./board/board.o
 .comment       0x00000049       0x4a ./board/clock_config.o
 .comment       0x00000049       0x4a ./board/peripherals.o
 .comment       0x00000049       0x4a ./board/pin_mux.o
 .comment       0x00000049       0x7f C:\Temp\xcerny76\NXP\cv8\lpcxpresso55s69_hello_world\libs\libpower_hardabi.a(fsl_power_lib.o)
                                 0x80 (size before relaxing)
 .comment       0x000000c8       0x4a c:/appz/nxp/mcuxpressoide_11.6.0_8187/ide/plugins/com.nxp.mcuxpresso.tools.win32_11.6.0.202112161359/tools/bin/../lib/gcc/arm-none-eabi/10.3.1/../../../../arm-none-eabi/lib/thumb/v8-m.main+fp/hard\libcr_nohost_nf.a(_cr__main.o)
 .comment       0x000000c8       0x4a c:/appz/nxp/mcuxpressoide_11.6.0_8187/ide/plugins/com.nxp.mcuxpresso.tools.win32_11.6.0.202112161359/tools/bin/../lib/gcc/arm-none-eabi/10.3.1/../../../../arm-none-eabi/lib/thumb/v8-m.main+fp/hard\libcr_nohost_nf.a(_cr_assert.o)
 .comment       0x000000c8       0x4a c:/appz/nxp/mcuxpressoide_11.6.0_8187/ide/plugins/com.nxp.mcuxpresso.tools.win32_11.6.0.202112161359/tools/bin/../lib/gcc/arm-none-eabi/10.3.1/../../../../arm-none-eabi/lib/thumb/v8-m.main+fp/hard\libcr_nohost_nf.a(__ciob.o)
 .comment       0x000000c8       0x4a c:/appz/nxp/mcuxpressoide_11.6.0_8187/ide/plugins/com.nxp.mcuxpresso.tools.win32_11.6.0.202112161359/tools/bin/../lib/gcc/arm-none-eabi/10.3.1/../../../../arm-none-eabi/lib/thumb/v8-m.main+fp/hard\libcr_nohost_nf.a(__sys_appexit.o)
 .comment       0x000000c8       0x4a c:/appz/nxp/mcuxpressoide_11.6.0_8187/ide/plugins/com.nxp.mcuxpresso.tools.win32_11.6.0.202112161359/tools/bin/../lib/gcc/arm-none-eabi/10.3.1/../../../../arm-none-eabi/lib/thumb/v8-m.main+fp/hard\libcr_c.a(memset.o)
 .comment       0x000000c8       0x4a c:/appz/nxp/mcuxpressoide_11.6.0_8187/ide/plugins/com.nxp.mcuxpresso.tools.win32_11.6.0.202112161359/tools/bin/../lib/gcc/arm-none-eabi/10.3.1/../../../../arm-none-eabi/lib/thumb/v8-m.main+fp/hard\libcr_c.a(_deferredlazyseek.o)
 .comment       0x000000c8       0x4a c:/appz/nxp/mcuxpressoide_11.6.0_8187/ide/plugins/com.nxp.mcuxpresso.tools.win32_11.6.0.202112161359/tools/bin/../lib/gcc/arm-none-eabi/10.3.1/../../../../arm-none-eabi/lib/thumb/v8-m.main+fp/hard\libcr_c.a(_fflush.o)
 .comment       0x000000c8       0x4a c:/appz/nxp/mcuxpressoide_11.6.0_8187/ide/plugins/com.nxp.mcuxpresso.tools.win32_11.6.0.202112161359/tools/bin/../lib/gcc/arm-none-eabi/10.3.1/../../../../arm-none-eabi/lib/thumb/v8-m.main+fp/hard\libcr_c.a(_writebuf.o)
 .comment       0x000000c8       0x4a c:/appz/nxp/mcuxpressoide_11.6.0_8187/ide/plugins/com.nxp.mcuxpresso.tools.win32_11.6.0.202112161359/tools/bin/../lib/gcc/arm-none-eabi/10.3.1/../../../../arm-none-eabi/lib/thumb/v8-m.main+fp/hard\libcr_c.a(alloc.o)
 .comment       0x000000c8       0x4a c:/appz/nxp/mcuxpressoide_11.6.0_8187/ide/plugins/com.nxp.mcuxpresso.tools.win32_11.6.0.202112161359/tools/bin/../lib/gcc/arm-none-eabi/10.3.1/../../../../arm-none-eabi/lib/thumb/v8-m.main+fp/hard\libcr_c.a(fputs.o)
 .comment       0x000000c8       0x4a c:/appz/nxp/mcuxpressoide_11.6.0_8187/ide/plugins/com.nxp.mcuxpresso.tools.win32_11.6.0.202112161359/tools/bin/../lib/gcc/arm-none-eabi/10.3.1/../../../../arm-none-eabi/lib/thumb/v8-m.main+fp/hard\libcr_c.a(fseek.o)
 .comment       0x000000c8       0x4a c:/appz/nxp/mcuxpressoide_11.6.0_8187/ide/plugins/com.nxp.mcuxpresso.tools.win32_11.6.0.202112161359/tools/bin/../lib/gcc/arm-none-eabi/10.3.1/../../../../arm-none-eabi/lib/thumb/v8-m.main+fp/hard\libcr_c.a(ftell.o)
 .comment       0x000000c8       0x4a c:/appz/nxp/mcuxpressoide_11.6.0_8187/ide/plugins/com.nxp.mcuxpresso.tools.win32_11.6.0.202112161359/tools/bin/../lib/gcc/arm-none-eabi/10.3.1/../../../../arm-none-eabi/lib/thumb/v8-m.main+fp/hard\libcr_c.a(initio.o)
 .comment       0x000000c8       0x4a c:/appz/nxp/mcuxpressoide_11.6.0_8187/ide/plugins/com.nxp.mcuxpresso.tools.win32_11.6.0.202112161359/tools/bin/../lib/gcc/arm-none-eabi/10.3.1/../../../../arm-none-eabi/lib/thumb/v8-m.main+fp/hard\libcr_c.a(modf.o)
 .comment       0x000000c8       0x4a c:/appz/nxp/mcuxpressoide_11.6.0_8187/ide/plugins/com.nxp.mcuxpresso.tools.win32_11.6.0.202112161359/tools/bin/../lib/gcc/arm-none-eabi/10.3.1/../../../../arm-none-eabi/lib/thumb/v8-m.main+fp/hard\libcr_c.a(pow.o)
 .comment       0x000000c8       0x4a c:/appz/nxp/mcuxpressoide_11.6.0_8187/ide/plugins/com.nxp.mcuxpresso.tools.win32_11.6.0.202112161359/tools/bin/../lib/gcc/arm-none-eabi/10.3.1/../../../../arm-none-eabi/lib/thumb/v8-m.main+fp/hard\libcr_c.a(setvbuf.o)
 .comment       0x000000c8       0x4a c:/appz/nxp/mcuxpressoide_11.6.0_8187/ide/plugins/com.nxp.mcuxpresso.tools.win32_11.6.0.202112161359/tools/bin/../lib/gcc/arm-none-eabi/10.3.1/../../../../arm-none-eabi/lib/thumb/v8-m.main+fp/hard\libcr_c.a(strlen.o)
 .comment       0x000000c8       0x4a c:/appz/nxp/mcuxpressoide_11.6.0_8187/ide/plugins/com.nxp.mcuxpresso.tools.win32_11.6.0.202112161359/tools/bin/../lib/gcc/arm-none-eabi/10.3.1/../../../../arm-none-eabi/lib/thumb/v8-m.main+fp/hard\libcr_c.a(__init_alloc.o)
 .comment       0x000000c8       0x4a c:/appz/nxp/mcuxpressoide_11.6.0_8187/ide/plugins/com.nxp.mcuxpresso.tools.win32_11.6.0.202112161359/tools/bin/../lib/gcc/arm-none-eabi/10.3.1/../../../../arm-none-eabi/lib/thumb/v8-m.main+fp/hard\libcr_c.a(_cr_sbrk.o)
 .comment       0x000000c8       0x4a c:/appz/nxp/mcuxpressoide_11.6.0_8187/ide/plugins/com.nxp.mcuxpresso.tools.win32_11.6.0.202112161359/tools/bin/../lib/gcc/arm-none-eabi/10.3.1/../../../../arm-none-eabi/lib/thumb/v8-m.main+fp/hard\libcr_c.a(_fdopen.o)
 .comment       0x000000c8       0x4a c:/appz/nxp/mcuxpressoide_11.6.0_8187/ide/plugins/com.nxp.mcuxpresso.tools.win32_11.6.0.202112161359/tools/bin/../lib/gcc/arm-none-eabi/10.3.1/../../../../arm-none-eabi/lib/thumb/v8-m.main+fp/hard\libcr_c.a(errno.o)
 .comment       0x000000c8       0x4a c:/appz/nxp/mcuxpressoide_11.6.0_8187/ide/plugins/com.nxp.mcuxpresso.tools.win32_11.6.0.202112161359/tools/bin/../lib/gcc/arm-none-eabi/10.3.1/../../../../arm-none-eabi/lib/thumb/v8-m.main+fp/hard\libcr_c.a(fclose.o)
 .comment       0x000000c8       0x4a c:/appz/nxp/mcuxpressoide_11.6.0_8187/ide/plugins/com.nxp.mcuxpresso.tools.win32_11.6.0.202112161359/tools/bin/../lib/gcc/arm-none-eabi/10.3.1/../../../../arm-none-eabi/lib/thumb/v8-m.main+fp/hard\libcr_c.a(fflush.o)
 .comment       0x000000c8       0x4a c:/appz/nxp/mcuxpressoide_11.6.0_8187/ide/plugins/com.nxp.mcuxpresso.tools.win32_11.6.0.202112161359/tools/bin/../lib/gcc/arm-none-eabi/10.3.1/../../../../arm-none-eabi/lib/thumb/v8-m.main+fp/hard\libcr_c.a(frexp.o)
 .comment       0x000000c8       0x4a c:/appz/nxp/mcuxpressoide_11.6.0_8187/ide/plugins/com.nxp.mcuxpresso.tools.win32_11.6.0.202112161359/tools/bin/../lib/gcc/arm-none-eabi/10.3.1/../../../../arm-none-eabi/lib/thumb/v8-m.main+fp/hard\libcr_c.a(ldexp.o)
 .comment       0x000000c8       0x4a c:/appz/nxp/mcuxpressoide_11.6.0_8187/ide/plugins/com.nxp.mcuxpresso.tools.win32_11.6.0.202112161359/tools/bin/../lib/gcc/arm-none-eabi/10.3.1/../../../../arm-none-eabi/lib/thumb/v8-m.main+fp/hard\libcr_c.a(remove.o)
 .comment       0x000000c8       0x4a c:/appz/nxp/mcuxpressoide_11.6.0_8187/ide/plugins/com.nxp.mcuxpresso.tools.win32_11.6.0.202112161359/tools/bin/../lib/gcc/arm-none-eabi/10.3.1/../../../../arm-none-eabi/lib/thumb/v8-m.main+fp/hard\libcr_c.a(_cr_check_heap.o)
 .comment       0x000000c8       0x4a c:/appz/nxp/mcuxpressoide_11.6.0_8187/ide/plugins/com.nxp.mcuxpresso.tools.win32_11.6.0.202112161359/tools/bin/../lib/gcc/arm-none-eabi/10.3.1/../../../../arm-none-eabi/lib/thumb/v8-m.main+fp/hard\libcr_c.a(_do_fflush.o)
 .comment       0x000000c8       0x4a c:/appz/nxp/mcuxpressoide_11.6.0_8187/ide/plugins/com.nxp.mcuxpresso.tools.win32_11.6.0.202112161359/tools/bin/../lib/gcc/arm-none-eabi/10.3.1/thumb/v8-m.main+fp/hard\libcr_eabihelpers.a(double.o)
 .comment       0x000000c8       0x4a c:/appz/nxp/mcuxpressoide_11.6.0_8187/ide/plugins/com.nxp.mcuxpresso.tools.win32_11.6.0.202112161359/tools/bin/../lib/gcc/arm-none-eabi/10.3.1/thumb/v8-m.main+fp/hard\libcr_eabihelpers.a(float.o)
 .comment       0x000000c8       0x4a c:/appz/nxp/mcuxpressoide_11.6.0_8187/ide/plugins/com.nxp.mcuxpresso.tools.win32_11.6.0.202112161359/tools/bin/../lib/gcc/arm-none-eabi/10.3.1/../../../../arm-none-eabi/lib/thumb/v8-m.main+fp/hard\libcr_nohost_nf.a(__sys_close.o)
 .comment       0x000000c8       0x4a c:/appz/nxp/mcuxpressoide_11.6.0_8187/ide/plugins/com.nxp.mcuxpresso.tools.win32_11.6.0.202112161359/tools/bin/../lib/gcc/arm-none-eabi/10.3.1/../../../../arm-none-eabi/lib/thumb/v8-m.main+fp/hard\libcr_nohost_nf.a(__sys_flen.o)
 .comment       0x000000c8       0x4a c:/appz/nxp/mcuxpressoide_11.6.0_8187/ide/plugins/com.nxp.mcuxpresso.tools.win32_11.6.0.202112161359/tools/bin/../lib/gcc/arm-none-eabi/10.3.1/../../../../arm-none-eabi/lib/thumb/v8-m.main+fp/hard\libcr_nohost_nf.a(__sys_istty.o)
 .comment       0x000000c8       0x4a c:/appz/nxp/mcuxpressoide_11.6.0_8187/ide/plugins/com.nxp.mcuxpresso.tools.win32_11.6.0.202112161359/tools/bin/../lib/gcc/arm-none-eabi/10.3.1/../../../../arm-none-eabi/lib/thumb/v8-m.main+fp/hard\libcr_nohost_nf.a(__sys_remove.o)
 .comment       0x000000c8       0x4a c:/appz/nxp/mcuxpressoide_11.6.0_8187/ide/plugins/com.nxp.mcuxpresso.tools.win32_11.6.0.202112161359/tools/bin/../lib/gcc/arm-none-eabi/10.3.1/../../../../arm-none-eabi/lib/thumb/v8-m.main+fp/hard\libcr_nohost_nf.a(__sys_seek.o)
 .comment       0x000000c8       0x4a c:/appz/nxp/mcuxpressoide_11.6.0_8187/ide/plugins/com.nxp.mcuxpresso.tools.win32_11.6.0.202112161359/tools/bin/../lib/gcc/arm-none-eabi/10.3.1/../../../../arm-none-eabi/lib/thumb/v8-m.main+fp/hard\libcr_nohost_nf.a(__sys_tmpnam.o)
 .comment       0x000000c8       0x4a c:/appz/nxp/mcuxpressoide_11.6.0_8187/ide/plugins/com.nxp.mcuxpresso.tools.win32_11.6.0.202112161359/tools/bin/../lib/gcc/arm-none-eabi/10.3.1/../../../../arm-none-eabi/lib/thumb/v8-m.main+fp/hard\libcr_nohost_nf.a(__sys_write.o)

.ARM.attributes
                0x00000000       0x38
 .ARM.attributes
                0x00000000       0x3a ./utilities/fsl_debug_console.o
 .ARM.attributes
                0x0000003a       0x3a ./utilities/fsl_str.o
 .ARM.attributes
                0x00000074       0x3a ./startup/startup_lpc55s69_cm33_core0.o
 .ARM.attributes
                0x000000ae       0x3a ./source/hello_world.o
 .ARM.attributes
                0x000000e8       0x3a ./source/semihost_hardfault.o
 .ARM.attributes
                0x00000122       0x3a ./drivers/fsl_clock.o
 .ARM.attributes
                0x0000015c       0x3a ./drivers/fsl_ctimer.o
 .ARM.attributes
                0x00000196       0x3a ./drivers/fsl_flexcomm.o
 .ARM.attributes
                0x000001d0       0x3a ./drivers/fsl_reset.o
 .ARM.attributes
                0x0000020a       0x3a ./drivers/fsl_usart.o
 .ARM.attributes
                0x00000244       0x3a ./device/system_LPC55S69_cm33_core0.o
 .ARM.attributes
                0x0000027e       0x3a ./component/uart/usart_adapter.o
 .ARM.attributes
                0x000002b8       0x3a ./component/serial_manager/serial_manager.o
 .ARM.attributes
                0x000002f2       0x3a ./component/serial_manager/serial_port_uart.o
 .ARM.attributes
                0x0000032c       0x3a ./board/board.o
 .ARM.attributes
                0x00000366       0x3a ./board/clock_config.o
 .ARM.attributes
                0x000003a0       0x3a ./board/peripherals.o
 .ARM.attributes
                0x000003da       0x3a ./board/pin_mux.o
 .ARM.attributes
                0x00000414       0x3c C:\Temp\xcerny76\NXP\cv8\lpcxpresso55s69_hello_world\libs\libpower_hardabi.a(fsl_power_lib.o)
 .ARM.attributes
                0x00000450       0x3a c:/appz/nxp/mcuxpressoide_11.6.0_8187/ide/plugins/com.nxp.mcuxpresso.tools.win32_11.6.0.202112161359/tools/bin/../lib/gcc/arm-none-eabi/10.3.1/../../../../arm-none-eabi/lib/thumb/v8-m.main+fp/hard\libcr_nohost_nf.a(_cr__main.o)
 .ARM.attributes
                0x0000048a       0x3a c:/appz/nxp/mcuxpressoide_11.6.0_8187/ide/plugins/com.nxp.mcuxpresso.tools.win32_11.6.0.202112161359/tools/bin/../lib/gcc/arm-none-eabi/10.3.1/../../../../arm-none-eabi/lib/thumb/v8-m.main+fp/hard\libcr_nohost_nf.a(_cr_assert.o)
 .ARM.attributes
                0x000004c4       0x3a c:/appz/nxp/mcuxpressoide_11.6.0_8187/ide/plugins/com.nxp.mcuxpresso.tools.win32_11.6.0.202112161359/tools/bin/../lib/gcc/arm-none-eabi/10.3.1/../../../../arm-none-eabi/lib/thumb/v8-m.main+fp/hard\libcr_nohost_nf.a(__ciob.o)
 .ARM.attributes
                0x000004fe       0x3a c:/appz/nxp/mcuxpressoide_11.6.0_8187/ide/plugins/com.nxp.mcuxpresso.tools.win32_11.6.0.202112161359/tools/bin/../lib/gcc/arm-none-eabi/10.3.1/../../../../arm-none-eabi/lib/thumb/v8-m.main+fp/hard\libcr_nohost_nf.a(__sys_appexit.o)
 .ARM.attributes
                0x00000538       0x3a c:/appz/nxp/mcuxpressoide_11.6.0_8187/ide/plugins/com.nxp.mcuxpresso.tools.win32_11.6.0.202112161359/tools/bin/../lib/gcc/arm-none-eabi/10.3.1/../../../../arm-none-eabi/lib/thumb/v8-m.main+fp/hard\libcr_c.a(memset.o)
 .ARM.attributes
                0x00000572       0x3a c:/appz/nxp/mcuxpressoide_11.6.0_8187/ide/plugins/com.nxp.mcuxpresso.tools.win32_11.6.0.202112161359/tools/bin/../lib/gcc/arm-none-eabi/10.3.1/../../../../arm-none-eabi/lib/thumb/v8-m.main+fp/hard\libcr_c.a(_deferredlazyseek.o)
 .ARM.attributes
                0x000005ac       0x3a c:/appz/nxp/mcuxpressoide_11.6.0_8187/ide/plugins/com.nxp.mcuxpresso.tools.win32_11.6.0.202112161359/tools/bin/../lib/gcc/arm-none-eabi/10.3.1/../../../../arm-none-eabi/lib/thumb/v8-m.main+fp/hard\libcr_c.a(_fflush.o)
 .ARM.attributes