15:58:11 **** Incremental Build of configuration Debug for project lpcxpresso55s69_led_blinky ****
make -r -j4 all 
Building file: ../source/led_blinky.c
Invoking: MCU C Compiler
arm-none-eabi-gcc -std=gnu99 -D__REDLIB__ -DCPU_LPC55S69JBD100 -DCPU_LPC55S69JBD100_cm33 -DCPU_LPC55S69JBD100_cm33_core0 -DARM_MATH_CM33 -DSDK_DEBUGCONSOLE=1 -DCR_INTEGER_PRINTF -DPRINTF_FLOAT_ENABLE=0 -D__MCUXPRESSO -D__USE_CMSIS -DDEBUG -I"C:\Temp\xcerny76\NXP\cv8\lpcxpresso55s69_led_blinky\source" -I"C:\Temp\xcerny76\NXP\cv8\lpcxpresso55s69_led_blinky" -I"C:\Temp\xcerny76\NXP\cv8\lpcxpresso55s69_led_blinky\drivers" -I"C:\Temp\xcerny76\NXP\cv8\lpcxpresso55s69_led_blinky\device" -I"C:\Temp\xcerny76\NXP\cv8\lpcxpresso55s69_led_blinky\startup" -I"C:\Temp\xcerny76\NXP\cv8\lpcxpresso55s69_led_blinky\utilities" -I"C:\Temp\xcerny76\NXP\cv8\lpcxpresso55s69_led_blinky\component\uart" -I"C:\Temp\xcerny76\NXP\cv8\lpcxpresso55s69_led_blinky\component\serial_manager" -I"C:\Temp\xcerny76\NXP\cv8\lpcxpresso55s69_led_blinky\component\lists" -I"C:\Temp\xcerny76\NXP\cv8\lpcxpresso55s69_led_blinky\CMSIS" -I"C:\Temp\xcerny76\NXP\cv8\lpcxpresso55s69_led_blinky\board" -O0 -fno-common -g3 -Wall -c  -ffunction-sections  -fdata-sections  -ffreestanding  -fno-builtin  -mcpu=cortex-m33 -fmerge-constants -fmacro-prefix-map="../source/"= -mcpu=cortex-m33 -mfpu=fpv5-sp-d16 -mfloat-abi=hard -mthumb -D__REDLIB__ -fstack-usage -specs=redlib.specs -MMD -MP -MF"source/led_blinky.d" -MT"source/led_blinky.o" -MT"source/led_blinky.d" -o "source/led_blinky.o" "../source/led_blinky.c"
Finished building: ../source/led_blinky.c
 
Building target: lpcxpresso55s69_led_blinky.axf
Invoking: MCU Linker
arm-none-eabi-gcc -nostdlib -L"C:\Temp\xcerny76\NXP\cv8\lpcxpresso55s69_led_blinky\libs" -Xlinker -Map="lpcxpresso55s69_led_blinky.map" -Xlinker --gc-sections -Xlinker -print-memory-usage -Xlinker --sort-section=alignment -Xlinker --cref -mcpu=cortex-m33 -mfpu=fpv5-sp-d16 -mfloat-abi=hard -mthumb -T lpcxpresso55s69_led_blinky_Debug.ld -o "lpcxpresso55s69_led_blinky.axf" ./utilities/fsl_assert.o ./utilities/fsl_debug_console.o ./utilities/fsl_str.o  ./startup/boot_multicore_slave.o ./startup/startup_lpc55s69_cm33_core0.o  ./source/led_blinky.o ./source/semihost_hardfault.o  ./drivers/fsl_clock.o ./drivers/fsl_common.o ./drivers/fsl_flexcomm.o ./drivers/fsl_gpio.o ./drivers/fsl_power.o ./drivers/fsl_reset.o ./drivers/fsl_usart.o  ./device/system_LPC55S69_cm33_core0.o  ./component/uart/usart_adapter.o  ./component/serial_manager/serial_manager.o ./component/serial_manager/serial_port_uart.o  ./component/lists/generic_list.o  ./board/board.o ./board/clock_config.o ./board/pin_mux.o   -lpower_hardabi
Memory region         Used Size  Region Size  %age Used
   PROGRAM_FLASH:        5388 B       608 KB      0.87%
            SRAM:        8464 B       272 KB      3.04%
           SRAMX:          0 GB        32 KB      0.00%
         USB_RAM:          0 GB        16 KB      0.00%
Finished building target: lpcxpresso55s69_led_blinky.axf
 
Performing post-build steps
arm-none-eabi-size "lpcxpresso55s69_led_blinky.axf"; # arm-none-eabi-objcopy -v -O binary "lpcxpresso55s69_led_blinky.axf" "lpcxpresso55s69_led_blinky.bin" ; # checksum -p LPC55S69 -d "lpcxpresso55s69_led_blinky.bin";
   text	   data	    bss	    dec	    hex	filename
   5384	      4	   8460	  13848	   3618	lpcxpresso55s69_led_blinky.axf
 

15:58:12 Build Finished. 0 errors, 0 warnings. (took 940ms)

